Archive member included to satisfy reference by file (symbol)

C:/devkitPro/libctru/lib\libctru.a(console.o)
                              main.o (consoleInit)
C:/devkitPro/libctru/lib\libctru.a(gfx.o)
                              C:/devkitPro/libctru/lib\libctru.a(console.o) (gfxIsWide)
C:/devkitPro/libctru/lib\libctru.a(gspgpu.o)
                              C:/devkitPro/libctru/lib\libctru.a(gfx.o) (gspInit)
C:/devkitPro/libctru/lib\libctru.a(am.o)
                              main.o (amInit)
C:/devkitPro/libctru/lib\libctru.a(apt.o)
                              actions.o (aptMainLoop)
C:/devkitPro/libctru/lib\libctru.a(hid.o)
                              actions.o (hidScanInput)
C:/devkitPro/libctru/lib\libctru.a(fs.o)
                              main.o (fsInit)
C:/devkitPro/libctru/lib\libctru.a(utf8_to_utf16.o)
                              C:/devkitPro/libctru/lib\libctru.a(am.o) (utf8_to_utf16)
C:/devkitPro/libctru/lib\libctru.a(ctru_init.o)
                              C:/devkitPro/libctru/lib\libctru.a(apt.o) (__system_retAddr)
C:/devkitPro/libctru/lib\libctru.a(initArgv.o)
                              C:/devkitPro/libctru/lib\libctru.a(ctru_init.o) (__system_initArgv)
C:/devkitPro/libctru/lib\libctru.a(svc.o)
                              C:/devkitPro/libctru/lib\libctru.a(apt.o) (svcSleepThread)
C:/devkitPro/libctru/lib\libctru.a(stack_adjust.o)
                              c:/devkitpro/devkitarm/bin/../lib/gcc/arm-none-eabi/11.1.0/../../../../arm-none-eabi/lib/armv6k/fpu/3dsx_crt0.o (initSystem)
C:/devkitPro/libctru/lib\libctru.a(default_font.bin.o)
                              C:/devkitPro/libctru/lib\libctru.a(console.o) (default_font_bin)
C:/devkitPro/libctru/lib\libctru.a(vram.o)
                              C:/devkitPro/libctru/lib\libctru.a(gfx.o) (vramAlloc)
C:/devkitPro/libctru/lib\libctru.a(linear.o)
                              C:/devkitPro/libctru/lib\libctru.a(gfx.o) (linearAlloc)
C:/devkitPro/libctru/lib\libctru.a(mem_pool.o)
                              C:/devkitPro/libctru/lib\libctru.a(vram.o) (MemPool::Allocate(MemChunk&, unsigned long, int))
C:/devkitPro/libctru/lib\libctru.a(synchronization.o)
                              C:/devkitPro/libctru/lib\libctru.a(ctru_init.o) (__sync_init)
C:/devkitPro/libctru/lib\libctru.a(env.o)
                              C:/devkitPro/libctru/lib\libctru.a(fs.o) (envGetHandle)
C:/devkitPro/libctru/lib\libctru.a(os.o)
                              C:/devkitPro/libctru/lib\libctru.a(apt.o) (__ctru_speedup_config)
C:/devkitPro/libctru/lib\libctru.a(srv.o)
                              C:/devkitPro/libctru/lib\libctru.a(apt.o) (srvInit)
C:/devkitPro/libctru/lib\libctru.a(thread.o)
                              C:/devkitPro/libctru/lib\libctru.a(gspgpu.o) (threadCreate)
C:/devkitPro/libctru/lib\libctru.a(mappable.o)
                              C:/devkitPro/libctru/lib\libctru.a(gspgpu.o) (mappableAlloc)
C:/devkitPro/libctru/lib\libctru.a(irrst.o)
                              C:/devkitPro/libctru/lib\libctru.a(hid.o) (irrstInit)
C:/devkitPro/libctru/lib\libctru.a(srvpm.o)
                              C:/devkitPro/libctru/lib\libctru.a(srv.o) (srvPmGetSessionHandle)
C:/devkitPro/libctru/lib\libctru.a(ptmsysm.o)
                              C:/devkitPro/libctru/lib\libctru.a(os.o) (ptmSysmInit)
C:/devkitPro/libctru/lib\libctru.a(rbtree_init.o)
                              C:/devkitPro/libctru/lib\libctru.a(vram.o) (rbtree_init)
C:/devkitPro/libctru/lib\libctru.a(rbtree_insert.o)
                              C:/devkitPro/libctru/lib\libctru.a(vram.o) (rbtree_insert)
C:/devkitPro/libctru/lib\libctru.a(rbtree_rotate.o)
                              C:/devkitPro/libctru/lib\libctru.a(rbtree_insert.o) (rbtree_rotate)
C:/devkitPro/libctru/lib\libctru.a(rbtree_remove.o)
                              C:/devkitPro/libctru/lib\libctru.a(vram.o) (rbtree_remove)
C:/devkitPro/libctru/lib\libctru.a(rbtree_find.o)
                              C:/devkitPro/libctru/lib\libctru.a(vram.o) (rbtree_find)
C:/devkitPro/libctru/lib\libctru.a(encode_utf16.o)
                              C:/devkitPro/libctru/lib\libctru.a(utf8_to_utf16.o) (encode_utf16)
C:/devkitPro/libctru/lib\libctru.a(decode_utf8.o)
                              C:/devkitPro/libctru/lib\libctru.a(utf8_to_utf16.o) (decode_utf8)
C:/devkitPro/libctru/lib\libctru.a(appInit.o)
                              C:/devkitPro/libctru/lib\libctru.a(stack_adjust.o) (__appInit)
C:/devkitPro/libctru/lib\libctru.a(syscalls.o)
                              C:/devkitPro/libctru/lib\libctru.a(ctru_init.o) (__system_initSyscalls)
C:/devkitPro/libctru/lib\libctru.a(allocateHeaps.o)
                              C:/devkitPro/libctru/lib\libctru.a(ctru_init.o) (__system_allocateHeaps)
C:/devkitPro/libctru/lib\libctru.a(appExit.o)
                              C:/devkitPro/libctru/lib\libctru.a(stack_adjust.o) (__appExit)
[...]
Memory Configuration

Name             Origin             Length             Attributes
*default*        0x0000000000000000 0xffffffffffffffff

Linker script and memory map

                0x0000000000100000                PROVIDE (__start__ = 0x100000)
                0x0000000000100000                . = __start__

.text           0x0000000000100000    0x22c14
 *(.crt0)
 .crt0          0x0000000000100000       0x94 c:/devkitpro/devkitarm/bin/../lib/gcc/arm-none-eabi/11.1.0/../../../../arm-none-eabi/lib/armv6k/fpu/3dsx_crt0.o
                0x0000000000100000                _start
                0x0000000000100008                __service_ptr
                0x000000000010000c                __apt_appid
                0x0000000000100010                __heap_size
                0x0000000000100014                __linear_heap_size
                0x0000000000100018                __system_arglist
                0x000000000010001c                __system_runflags
 *(.init)
 .init          0x0000000000100094        0xc c:/devkitpro/devkitarm/bin/../lib/gcc/arm-none-eabi/11.1.0/armv6k/fpu/crti.o
                0x0000000000100094                _init
 .init          0x00000000001000a0        0xc c:/devkitpro/devkitarm/bin/../lib/gcc/arm-none-eabi/11.1.0/armv6k/fpu/crtn.o
                0x00000000001000ac                . = ALIGN (0x4)
 *(.text)
 .text          0x00000000001000ac      0x7a8 actions.o
                0x00000000001000ac                installer_menu
                0x000000000010020c                batch_installer_menu
                0x0000000000100214                draw_page
                0x00000000001002f8                delete_title
                0x0000000000100398                load_titles
                0x0000000000100444                uninstaller_menu
 *fill*         0x0000000000100854        0x4 
 .text          0x0000000000100858      0x54c fsam.o
                0x0000000000100858                list_diritems
                0x00000000001008ac                get_item_in_dir
                0x00000000001008f0                create_file_handle_read
                0x000000000010098c                install_cia
                0x0000000000100d54                get_title_location
 .text          0x0000000000100da4      0x160 main.o
                0x0000000000100da4                init_services
                0x0000000000100e10                exit_services
                0x0000000000100e20                print_functions
                0x0000000000100e50                draw_arrow
                0x0000000000100e88                return_to_navigator
 .text          0x0000000000100f04      0x208 util.o
                0x0000000000100f04                formatted_print
                0x0000000000100f20                pause_3ds
                0x0000000000100f70                move_cursor
                0x0000000000100f80                format
                0x0000000000100fb4                print_error
                0x0000000000100fe4                print_usage
                0x00000000001010a8                clean_screen
                0x00000000001010d8                remove_pause
                0x00000000001010f4                redraw_selected
 .text          0x000000000010110c      0x20c c:/devkitpro/devkitarm/bin/../lib/gcc/arm-none-eabi/11.1.0/armv6k/fpu\libgcc.a(_udivsi3.o)
                0x000000000010110c                __aeabi_uidiv
                0x000000000010110c                __udivsi3
                0x00000000001012f8                __aeabi_uidivmod
 .text          0x0000000000101318      0x240 c:/devkitpro/devkitarm/bin/../lib/gcc/arm-none-eabi/11.1.0/armv6k/fpu\libgcc.a(_divsi3.o)
                0x0000000000101318                __divsi3
                0x0000000000101318                __aeabi_idiv
                0x0000000000101538                __aeabi_idivmod
 .text          0x0000000000101558        0x4 c:/devkitpro/devkitarm/bin/../lib/gcc/arm-none-eabi/11.1.0/armv6k/fpu\libgcc.a(_dvmd_tls.o)
                0x0000000000101558                __aeabi_idiv0
                0x0000000000101558                __aeabi_ldiv0
 .text          0x000000000010155c      0x3c0 c:/devkitpro/devkitarm/bin/../lib/gcc/arm-none-eabi/11.1.0/armv6k/fpu\libgcc.a(_arm_addsubdf3.o)
                0x000000000010155c                __aeabi_drsub
                0x0000000000101564                __aeabi_dsub
                0x0000000000101564                __subdf3
                0x0000000000101568                __aeabi_dadd
                0x0000000000101568                __adddf3
                0x0000000000101814                __floatunsidf
                0x0000000000101814                __aeabi_ui2d
                0x0000000000101838                __floatsidf
                0x0000000000101838                __aeabi_i2d
                0x0000000000101860                __aeabi_f2d
                0x0000000000101860                __extendsfdf2
                0x00000000001018a8                __floatundidf
                0x00000000001018a8                __aeabi_ul2d
                0x00000000001018bc                __floatdidf
                0x00000000001018bc                __aeabi_l2d
 .text          0x000000000010191c      0x250 c:/devkitpro/devkitarm/bin/../lib/gcc/arm-none-eabi/11.1.0/armv6k/fpu\libgcc.a(_arm_addsubsf3.o)
                0x000000000010191c                __aeabi_frsub
                0x0000000000101924                __subsf3
                0x0000000000101924                __aeabi_fsub
                0x0000000000101928                __aeabi_fadd
                0x0000000000101928                __addsf3
                0x0000000000101ab8                __aeabi_ui2f
                0x0000000000101ab8                __floatunsisf
                0x0000000000101ac0                __aeabi_i2f
                0x0000000000101ac0                __floatsisf
                0x0000000000101ae0                __aeabi_ul2f
                0x0000000000101ae0                __floatundisf
                0x0000000000101af0                __aeabi_l2f
                0x0000000000101af0                __floatdisf
 .text          0x0000000000101b6c       0xd4 c:/devkitpro/devkitarm/bin/../lib/gcc/arm-none-eabi/11.1.0/armv6k/fpu\libgcc.a(_aeabi_ldivmod.o)
                0x0000000000101b6c                __aeabi_ldivmod
 .text          0x0000000000101c40       0x3c c:/devkitpro/devkitarm/bin/../lib/gcc/arm-none-eabi/11.1.0/armv6k/fpu\libgcc.a(_aeabi_uldivmod.o)
                0x0000000000101c40                __aeabi_uldivmod
 *fill*         0x0000000000101c7c        0x4 
 .text          0x0000000000101c80      0x390 c:/devkitpro/devkitarm/bin/../lib/gcc/arm-none-eabi/11.1.0/../../../../arm-none-eabi/lib/armv6k/fpu\libg.a(lib_a-strcmp.o)
                0x0000000000101c88                strcmp
 *(.text.*)
 .text.__do_global_dtors_aux
                0x0000000000102010       0x40 c:/devkitpro/devkitarm/bin/../lib/gcc/arm-none-eabi/11.1.0/armv6k/fpu/crtbegin.o
 .text.frame_dummy
                0x0000000000102050       0x2c c:/devkitpro/devkitarm/bin/../lib/gcc/arm-none-eabi/11.1.0/armv6k/fpu/crtbegin.o
 .text.startup  0x000000000010207c      0x104 main.o
                0x000000000010207c                main
 .text.consoleDrawChar
                0x0000000000102180      0x178 C:/devkitPro/libctru/lib\libctru.a(console.o)
                0x0000000000102180                consoleDrawChar
 .text.consolePrintChar
                0x00000000001022f8      0x124 C:/devkitPro/libctru/lib\libctru.a(console.o)
                0x00000000001022f8                consolePrintChar
 .text.con_write
                0x000000000010241c      0xa00 C:/devkitPro/libctru/lib\libctru.a(console.o)
                0x000000000010241c                con_write
 .text.consoleInit
                0x0000000000102e1c      0x168 C:/devkitPro/libctru/lib\libctru.a(console.o)
                0x0000000000102e1c                consoleInit
 .text.newRow   0x0000000000102f84       0xf4 C:/devkitPro/libctru/lib\libctru.a(console.o)
 .text.consoleClear
                0x0000000000103078        0xc C:/devkitPro/libctru/lib\libctru.a(console.o)
                0x0000000000103078                consoleClear
 .text.gfxPresentFramebuffer
                0x0000000000103084       0xd0 C:/devkitPro/libctru/lib\libctru.a(gfx.o)
 .text.gfxIsWide
                0x0000000000103154       0x1c C:/devkitPro/libctru/lib\libctru.a(gfx.o)
                0x0000000000103154                gfxIsWide
 .text.gfxSetScreenFormat
                0x0000000000103170       0xec C:/devkitPro/libctru/lib\libctru.a(gfx.o)
                0x0000000000103170                gfxSetScreenFormat
 .text.gfxSetDoubleBuffering
                0x000000000010325c       0x10 C:/devkitPro/libctru/lib\libctru.a(gfx.o)
                0x000000000010325c                gfxSetDoubleBuffering
 .text.gfxInit  0x000000000010326c      0x108 C:/devkitPro/libctru/lib\libctru.a(gfx.o)
                0x000000000010326c                gfxInit
 .text.gfxInitDefault
                0x0000000000103374       0x10 C:/devkitPro/libctru/lib\libctru.a(gfx.o)
                0x0000000000103374                gfxInitDefault
 .text.gfxExit  0x0000000000103384       0xb4 C:/devkitPro/libctru/lib\libctru.a(gfx.o)
                0x0000000000103384                gfxExit
 .text.gfxGetFramebuffer
                0x0000000000103438       0xa0 C:/devkitPro/libctru/lib\libctru.a(gfx.o)
                0x0000000000103438                gfxGetFramebuffer
 .text.gfxFlushBuffers
                0x00000000001034d8      0x10c C:/devkitPro/libctru/lib\libctru.a(gfx.o)
                0x00000000001034d8                gfxFlushBuffers
 .text.gfxSwapBuffers
                0x00000000001035e4       0x50 C:/devkitPro/libctru/lib\libctru.a(gfx.o)
                0x00000000001035e4                gfxSwapBuffers
 .text.gfxSwapBuffersGpu
                0x0000000000103634       0x50 C:/devkitPro/libctru/lib\libctru.a(gfx.o)
                0x0000000000103634                gfxSwapBuffersGpu
 .text.gspHardwareInit
                0x0000000000103684      0xc58 C:/devkitPro/libctru/lib\libctru.a(gspgpu.o)
 .text.gspInit  0x00000000001042dc      0x254 C:/devkitPro/libctru/lib\libctru.a(gspgpu.o)
                0x00000000001042dc                gspInit
 .text.gspExit  0x0000000000104530       0xf0 C:/devkitPro/libctru/lib\libctru.a(gspgpu.o)
                0x0000000000104530                gspExit
 .text.gspHasGpuRight
                0x0000000000104620       0x10 C:/devkitPro/libctru/lib\libctru.a(gspgpu.o)
                0x0000000000104620                gspHasGpuRight
 .text.gspPresentBuffer
                0x0000000000104630       0x98 C:/devkitPro/libctru/lib\libctru.a(gspgpu.o)
                0x0000000000104630                gspPresentBuffer
 .text.gspWaitForEvent
                0x00000000001046c8       0x50 C:/devkitPro/libctru/lib\libctru.a(gspgpu.o)
                0x00000000001046c8                gspWaitForEvent
 .text.gxCmdQueueInterrupt
                0x0000000000104718        0x4 C:/devkitPro/libctru/lib\libctru.a(gspgpu.o)
                0x0000000000104718                gxCmdQueueInterrupt
 .text.gspEventThreadMain
                0x000000000010471c      0x160 C:/devkitPro/libctru/lib\libctru.a(gspgpu.o)
 .text.GSPGPU_FlushDataCache
                0x000000000010487c       0x50 C:/devkitPro/libctru/lib\libctru.a(gspgpu.o)
                0x000000000010487c                GSPGPU_FlushDataCache
 .text.GSPGPU_SetLcdForceBlack
                0x00000000001048cc       0x34 C:/devkitPro/libctru/lib\libctru.a(gspgpu.o)
                0x00000000001048cc                GSPGPU_SetLcdForceBlack
 .text.GSPGPU_AcquireRight
                0x0000000000104900       0x68 C:/devkitPro/libctru/lib\libctru.a(gspgpu.o)
                0x0000000000104900                GSPGPU_AcquireRight
 .text.GSPGPU_ReleaseRight
                0x0000000000104968       0x48 C:/devkitPro/libctru/lib\libctru.a(gspgpu.o)
                0x0000000000104968                GSPGPU_ReleaseRight
 .text.GSPGPU_ImportDisplayCaptureInfo
                0x00000000001049b0       0x7c C:/devkitPro/libctru/lib\libctru.a(gspgpu.o)
                0x00000000001049b0                GSPGPU_ImportDisplayCaptureInfo
 .text.GSPGPU_SaveVramSysArea
                0x0000000000104a2c       0x2c C:/devkitPro/libctru/lib\libctru.a(gspgpu.o)
                0x0000000000104a2c                GSPGPU_SaveVramSysArea
 .text.GSPGPU_RestoreVramSysArea
                0x0000000000104a58       0x2c C:/devkitPro/libctru/lib\libctru.a(gspgpu.o)
                0x0000000000104a58                GSPGPU_RestoreVramSysArea
 .text.amInit   0x0000000000104a84       0xa4 C:/devkitPro/libctru/lib\libctru.a(am.o)
                0x0000000000104a84                amInit
 .text.amExit   0x0000000000104b28       0x3c C:/devkitPro/libctru/lib\libctru.a(am.o)
                0x0000000000104b28                amExit
 .text.AM_GetTitleCount
                0x0000000000104b64       0x48 C:/devkitPro/libctru/lib\libctru.a(am.o)
                0x0000000000104b64                AM_GetTitleCount
 .text.AM_GetTitleList
                0x0000000000104bac       0x5c C:/devkitPro/libctru/lib\libctru.a(am.o)
                0x0000000000104bac                AM_GetTitleList
 .text.AM_GetTitleInfo
                0x0000000000104c08       0x5c C:/devkitPro/libctru/lib\libctru.a(am.o)
                0x0000000000104c08                AM_GetTitleInfo
 .text.AM_StartCiaInstall
                0x0000000000104c64       0x48 C:/devkitPro/libctru/lib\libctru.a(am.o)
                0x0000000000104c64                AM_StartCiaInstall
 .text.AM_CancelCIAInstall
                0x0000000000104cac       0x40 C:/devkitPro/libctru/lib\libctru.a(am.o)
                0x0000000000104cac                AM_CancelCIAInstall
 .text.AM_FinishCiaInstall
                0x0000000000104cec       0x40 C:/devkitPro/libctru/lib\libctru.a(am.o)
                0x0000000000104cec                AM_FinishCiaInstall
 .text.AM_DeleteTitle
                0x0000000000104d2c       0x3c C:/devkitPro/libctru/lib\libctru.a(am.o)
                0x0000000000104d2c                AM_DeleteTitle
 .text.AM_DeleteTicket
                0x0000000000104d68       0x38 C:/devkitPro/libctru/lib\libctru.a(am.o)
                0x0000000000104d68                AM_DeleteTicket
 .text.AM_GetTitleProductCode
                0x0000000000104da0       0x5c C:/devkitPro/libctru/lib\libctru.a(am.o)
                0x0000000000104da0                AM_GetTitleProductCode
 .text.AM_GetCiaFileInfo
                0x0000000000104dfc       0x84 C:/devkitPro/libctru/lib\libctru.a(am.o)
                0x0000000000104dfc                AM_GetCiaFileInfo
 .text.aptConvertScreenForCapture
                0x0000000000104e80      0x1b0 C:/devkitPro/libctru/lib\libctru.a(apt.o)
 .text.aptDspSleep
                0x0000000000105030        0x8 C:/devkitPro/libctru/lib\libctru.a(apt.o)
                0x0000000000105030                aptDspSleep
 .text.aptDspWakeup
                0x0000000000105038        0x4 C:/devkitPro/libctru/lib\libctru.a(apt.o)
                0x0000000000105038                aptDspWakeup
 .text.aptDspCancel
                0x000000000010503c        0x4 C:/devkitPro/libctru/lib\libctru.a(apt.o)
                0x000000000010503c                aptDspCancel
 .text.aptSendCommand
                0x0000000000105040      0x15c C:/devkitPro/libctru/lib\libctru.a(apt.o)
                0x0000000000105040                aptSendCommand
 .text.aptExitProcess
                0x000000000010519c       0x38 C:/devkitPro/libctru/lib\libctru.a(apt.o)
 .text.aptExit  0x00000000001051d4      0x2f0 C:/devkitPro/libctru/lib\libctru.a(apt.o)
                0x00000000001051d4                aptExit
 .text.aptHandleSleep
                0x00000000001054c4       0xd8 C:/devkitPro/libctru/lib\libctru.a(apt.o)
                0x00000000001054c4                aptHandleSleep
 .text.APT_SleepIfShellClosed
                0x000000000010559c       0x84 C:/devkitPro/libctru/lib\libctru.a(apt.o)
                0x000000000010559c                APT_SleepIfShellClosed
 .text.aptSetSleepAllowed
                0x0000000000105620       0x84 C:/devkitPro/libctru/lib\libctru.a(apt.o)
                0x0000000000105620                aptSetSleepAllowed
 .text.APT_UnlockTransition
                0x00000000001056a4       0x84 C:/devkitPro/libctru/lib\libctru.a(apt.o)
                0x00000000001056a4                APT_UnlockTransition
 .text.aptEventHandler
                0x0000000000105728      0x484 C:/devkitPro/libctru/lib\libctru.a(apt.o)
 .text.APT_ReceiveParameter
                0x0000000000105bac       0xb0 C:/devkitPro/libctru/lib\libctru.a(apt.o)
                0x0000000000105bac                APT_ReceiveParameter
 .text.aptReceiveParameter.constprop.0
                0x0000000000105c5c       0xb0 C:/devkitPro/libctru/lib\libctru.a(apt.o)
 *fill*         0x0000000000105d0c        0x4 
 .text.aptScreenTransfer
                0x0000000000105d10      0x2bc C:/devkitPro/libctru/lib\libctru.a(apt.o)
 .text.aptWaitForWakeUp.isra.0
                0x0000000000105fcc      0x2d0 C:/devkitPro/libctru/lib\libctru.a(apt.o)
 .text.aptJumpToHomeMenu
                0x000000000010629c       0xf8 C:/devkitPro/libctru/lib\libctru.a(apt.o)
                0x000000000010629c                aptJumpToHomeMenu
 .text.aptMainLoop
                0x0000000000106394       0x4c C:/devkitPro/libctru/lib\libctru.a(apt.o)
                0x0000000000106394                aptMainLoop
 .text.aptInit  0x00000000001063e0      0x234 C:/devkitPro/libctru/lib\libctru.a(apt.o)
                0x00000000001063e0                aptInit
 .text.APT_CheckNew3DS
                0x0000000000106614       0x7c C:/devkitPro/libctru/lib\libctru.a(apt.o)
                0x0000000000106614                APT_CheckNew3DS
 .text.hidShouldUseIrrst
                0x0000000000106690       0x24 C:/devkitPro/libctru/lib\libctru.a(hid.o)
                0x0000000000106690                hidShouldUseIrrst
 .text.hidInit  0x00000000001066b4      0x18c C:/devkitPro/libctru/lib\libctru.a(hid.o)
                0x00000000001066b4                hidInit
 .text.hidExit  0x0000000000106840       0xe8 C:/devkitPro/libctru/lib\libctru.a(hid.o)
                0x0000000000106840                hidExit
 .text.hidScanInput
                0x0000000000106928      0x294 C:/devkitPro/libctru/lib\libctru.a(hid.o)
                0x0000000000106928                hidScanInput
 .text.hidKeysDown
                0x0000000000106bbc       0x10 C:/devkitPro/libctru/lib\libctru.a(hid.o)
                0x0000000000106bbc                hidKeysDown
 .text.fsInit   0x0000000000106bcc       0xc8 C:/devkitPro/libctru/lib\libctru.a(fs.o)
                0x0000000000106bcc                fsInit
 .text.fsExit   0x0000000000106c94       0x3c C:/devkitPro/libctru/lib\libctru.a(fs.o)
                0x0000000000106c94                fsExit
 .text.fsExemptFromSession
                0x0000000000106cd0       0x60 C:/devkitPro/libctru/lib\libctru.a(fs.o)
                0x0000000000106cd0                fsExemptFromSession
 .text.fsUnexemptFromSession
                0x0000000000106d30       0x50 C:/devkitPro/libctru/lib\libctru.a(fs.o)
                0x0000000000106d30                fsUnexemptFromSession
 .text.fsMakePath
                0x0000000000106d80       0x84 C:/devkitPro/libctru/lib\libctru.a(fs.o)
                0x0000000000106d80                fsMakePath
 .text.FSUSER_OpenFile
                0x0000000000106e04       0xcc C:/devkitPro/libctru/lib\libctru.a(fs.o)
                0x0000000000106e04                FSUSER_OpenFile
 .text.FSUSER_OpenFileDirectly
                0x0000000000106ed0       0xd4 C:/devkitPro/libctru/lib\libctru.a(fs.o)
                0x0000000000106ed0                FSUSER_OpenFileDirectly
 .text.FSUSER_DeleteFile
                0x0000000000106fa4       0xbc C:/devkitPro/libctru/lib\libctru.a(fs.o)
                0x0000000000106fa4                FSUSER_DeleteFile
 .text.FSUSER_RenameFile
                0x0000000000107060       0xf8 C:/devkitPro/libctru/lib\libctru.a(fs.o)
                0x0000000000107060                FSUSER_RenameFile
 .text.FSUSER_DeleteDirectory
                0x0000000000107158       0xbc C:/devkitPro/libctru/lib\libctru.a(fs.o)
                0x0000000000107158                FSUSER_DeleteDirectory
 .text.FSUSER_CreateFile
                0x0000000000107214       0xd4 C:/devkitPro/libctru/lib\libctru.a(fs.o)
                0x0000000000107214                FSUSER_CreateFile
 .text.FSUSER_CreateDirectory
                0x00000000001072e8       0xc4 C:/devkitPro/libctru/lib\libctru.a(fs.o)
                0x00000000001072e8                FSUSER_CreateDirectory
 .text.FSUSER_RenameDirectory
                0x00000000001073ac       0xf8 C:/devkitPro/libctru/lib\libctru.a(fs.o)
                0x00000000001073ac                FSUSER_RenameDirectory
 .text.FSUSER_OpenDirectory
                0x00000000001074a4       0xb4 C:/devkitPro/libctru/lib\libctru.a(fs.o)
                0x00000000001074a4                FSUSER_OpenDirectory
 .text.FSUSER_OpenArchive
                0x0000000000107558       0x94 C:/devkitPro/libctru/lib\libctru.a(fs.o)
                0x0000000000107558                FSUSER_OpenArchive
 .text.FSUSER_CloseArchive
                0x00000000001075ec       0x8c C:/devkitPro/libctru/lib\libctru.a(fs.o)
                0x00000000001075ec                FSUSER_CloseArchive
 .text.FSUSER_GetSdmcArchiveResource
                0x0000000000107678       0x74 C:/devkitPro/libctru/lib\libctru.a(fs.o)
                0x0000000000107678                FSUSER_GetSdmcArchiveResource
 .text.FSUSER_IsSdmcWritable
                0x00000000001076ec       0x64 C:/devkitPro/libctru/lib\libctru.a(fs.o)
                0x00000000001076ec                FSUSER_IsSdmcWritable
 .text.FSFILE_Read
                0x0000000000107750       0x58 C:/devkitPro/libctru/lib\libctru.a(fs.o)
                0x0000000000107750                FSFILE_Read
 .text.FSFILE_Write
                0x00000000001077a8       0x60 C:/devkitPro/libctru/lib\libctru.a(fs.o)
                0x00000000001077a8                FSFILE_Write
 .text.FSFILE_GetSize
                0x0000000000107808       0x38 C:/devkitPro/libctru/lib\libctru.a(fs.o)
                0x0000000000107808                FSFILE_GetSize
 .text.FSFILE_SetSize
                0x0000000000107840       0x28 C:/devkitPro/libctru/lib\libctru.a(fs.o)
                0x0000000000107840                FSFILE_SetSize
 .text.FSFILE_Close
                0x0000000000107868       0x3c C:/devkitPro/libctru/lib\libctru.a(fs.o)
                0x0000000000107868                FSFILE_Close
 .text.FSFILE_Flush
                0x00000000001078a4       0x24 C:/devkitPro/libctru/lib\libctru.a(fs.o)
                0x00000000001078a4                FSFILE_Flush
 .text.FSDIR_Read
                0x00000000001078c8       0x50 C:/devkitPro/libctru/lib\libctru.a(fs.o)
                0x00000000001078c8                FSDIR_Read
 .text.FSDIR_Close
                0x0000000000107918       0x3c C:/devkitPro/libctru/lib\libctru.a(fs.o)
                0x0000000000107918                FSDIR_Close
 .text.utf8_to_utf16
                0x0000000000107954       0xc0 C:/devkitPro/libctru/lib\libctru.a(utf8_to_utf16.o)
                0x0000000000107954                utf8_to_utf16
 .text.__libctru_init
                0x0000000000107a14       0x38 C:/devkitPro/libctru/lib\libctru.a(ctru_init.o)
                0x0000000000107a14                __libctru_init
 .text.__system_initArgv
                0x0000000000107a4c       0xf0 C:/devkitPro/libctru/lib\libctru.a(initArgv.o)
                0x0000000000107a4c                __system_initArgv
 .text.svcControlMemory
                0x0000000000107b3c       0x20 C:/devkitPro/libctru/lib\libctru.a(svc.o)
                0x0000000000107b3c                svcControlMemory
 .text.svcQueryMemory
                0x0000000000107b5c       0x30 C:/devkitPro/libctru/lib\libctru.a(svc.o)
                0x0000000000107b5c                svcQueryMemory
 .text.svcExitProcess
                0x0000000000107b8c        0x8 C:/devkitPro/libctru/lib\libctru.a(svc.o)
                0x0000000000107b8c                svcExitProcess
 .text.svcCreateThread
                0x0000000000107b94       0x20 C:/devkitPro/libctru/lib\libctru.a(svc.o)
                0x0000000000107b94                svcCreateThread
 .text.svcExitThread
                0x0000000000107bb4        0x8 C:/devkitPro/libctru/lib\libctru.a(svc.o)
                0x0000000000107bb4                svcExitThread
 .text.svcSleepThread
                0x0000000000107bbc        0x8 C:/devkitPro/libctru/lib\libctru.a(svc.o)
                0x0000000000107bbc                svcSleepThread
 .text.svcReleaseMutex
                0x0000000000107bc4        0x8 C:/devkitPro/libctru/lib\libctru.a(svc.o)
                0x0000000000107bc4                svcReleaseMutex
 .text.svcCreateEvent
                0x0000000000107bcc       0x14 C:/devkitPro/libctru/lib\libctru.a(svc.o)
                0x0000000000107bcc                svcCreateEvent
 .text.svcSignalEvent
                0x0000000000107be0        0x8 C:/devkitPro/libctru/lib\libctru.a(svc.o)
                0x0000000000107be0                svcSignalEvent
 .text.svcClearEvent
                0x0000000000107be8        0x8 C:/devkitPro/libctru/lib\libctru.a(svc.o)
                0x0000000000107be8                svcClearEvent
 .text.svcMapMemoryBlock
                0x0000000000107bf0        0x8 C:/devkitPro/libctru/lib\libctru.a(svc.o)
                0x0000000000107bf0                svcMapMemoryBlock
 .text.svcUnmapMemoryBlock
                0x0000000000107bf8        0x8 C:/devkitPro/libctru/lib\libctru.a(svc.o)
                0x0000000000107bf8                svcUnmapMemoryBlock
 .text.svcCreateAddressArbiter
                0x0000000000107c00       0x14 C:/devkitPro/libctru/lib\libctru.a(svc.o)
                0x0000000000107c00                svcCreateAddressArbiter
 .text.svcArbitrateAddressNoTimeout
                0x0000000000107c14        0x8 C:/devkitPro/libctru/lib\libctru.a(svc.o)
                0x0000000000107c14                svcArbitrateAddressNoTimeout
 .text.svcCloseHandle
                0x0000000000107c1c        0x8 C:/devkitPro/libctru/lib\libctru.a(svc.o)
                0x0000000000107c1c                svcCloseHandle
 .text.svcWaitSynchronization
                0x0000000000107c24        0x8 C:/devkitPro/libctru/lib\libctru.a(svc.o)
                0x0000000000107c24                svcWaitSynchronization
 .text.svcWaitSynchronizationN
                0x0000000000107c2c       0x28 C:/devkitPro/libctru/lib\libctru.a(svc.o)
                0x0000000000107c2c                svcWaitSynchronizationN
 .text.svcDuplicateHandle
                0x0000000000107c54       0x14 C:/devkitPro/libctru/lib\libctru.a(svc.o)
                0x0000000000107c54                svcDuplicateHandle
 .text.svcGetSystemTick
                0x0000000000107c68        0x8 C:/devkitPro/libctru/lib\libctru.a(svc.o)
                0x0000000000107c68                svcGetSystemTick
 .text.svcConnectToPort
                0x0000000000107c70       0x14 C:/devkitPro/libctru/lib\libctru.a(svc.o)
                0x0000000000107c70                svcConnectToPort
 .text.svcSendSyncRequest
                0x0000000000107c84        0x8 C:/devkitPro/libctru/lib\libctru.a(svc.o)
                0x0000000000107c84                svcSendSyncRequest
 .text.svcGetResourceLimit
                0x0000000000107c8c       0x14 C:/devkitPro/libctru/lib\libctru.a(svc.o)
                0x0000000000107c8c                svcGetResourceLimit
 .text.svcGetResourceLimitLimitValues
                0x0000000000107ca0        0x8 C:/devkitPro/libctru/lib\libctru.a(svc.o)
                0x0000000000107ca0                svcGetResourceLimitLimitValues
 .text.svcGetResourceLimitCurrentValues
                0x0000000000107ca8        0x8 C:/devkitPro/libctru/lib\libctru.a(svc.o)
                0x0000000000107ca8                svcGetResourceLimitCurrentValues
 .text.svcBreak
                0x0000000000107cb0        0x8 C:/devkitPro/libctru/lib\libctru.a(svc.o)
                0x0000000000107cb0                svcBreak
 .text.initSystem
                0x0000000000107cb8       0x50 C:/devkitPro/libctru/lib\libctru.a(stack_adjust.o)
                0x0000000000107cb8                initSystem
 .text.__ctru_exit
                0x0000000000107d08       0x18 C:/devkitPro/libctru/lib\libctru.a(stack_adjust.o)
                0x0000000000107d08                __ctru_exit
 .text._ZL21addrMapNodeComparatorPK11rbtree_nodeS1_
                0x0000000000107d20       0x24 C:/devkitPro/libctru/lib\libctru.a(vram.o)
 .text._ZL21addrMapNodeDestructorP11rbtree_node
                0x0000000000107d44        0x4 C:/devkitPro/libctru/lib\libctru.a(vram.o)
 .text.vramMemAlign
                0x0000000000107d48      0x114 C:/devkitPro/libctru/lib\libctru.a(vram.o)
                0x0000000000107d48                vramMemAlign
 .text.vramAlloc
                0x0000000000107e5c        0x8 C:/devkitPro/libctru/lib\libctru.a(vram.o)
                0x0000000000107e5c                vramAlloc
 .text.vramFree
                0x0000000000107e64       0x5c C:/devkitPro/libctru/lib\libctru.a(vram.o)
                0x0000000000107e64                vramFree
 .text._ZL21addrMapNodeComparatorPK11rbtree_nodeS1_
                0x0000000000107ec0       0x24 C:/devkitPro/libctru/lib\libctru.a(linear.o)
 .text._ZL21addrMapNodeDestructorP11rbtree_node
                0x0000000000107ee4        0x4 C:/devkitPro/libctru/lib\libctru.a(linear.o)
 .text.linearMemAlign
                0x0000000000107ee8      0x120 C:/devkitPro/libctru/lib\libctru.a(linear.o)
                0x0000000000107ee8                linearMemAlign
 .text.linearAlloc
                0x0000000000108008        0x8 C:/devkitPro/libctru/lib\libctru.a(linear.o)
                0x0000000000108008                linearAlloc
 .text.linearFree
                0x0000000000108010       0x5c C:/devkitPro/libctru/lib\libctru.a(linear.o)
                0x0000000000108010                linearFree
 .text._ZN7MemPool13CoalesceRightEP8MemBlock
                0x000000000010806c       0x84 C:/devkitPro/libctru/lib\libctru.a(mem_pool.o)
                0x000000000010806c                MemPool::CoalesceRight(MemBlock*)
 .text._ZN7MemPool8AllocateER8MemChunkmi
                0x00000000001080f0      0x170 C:/devkitPro/libctru/lib\libctru.a(mem_pool.o)
                0x00000000001080f0                MemPool::Allocate(MemChunk&, unsigned long, int)
 .text._ZN7MemPool10DeallocateERK8MemChunk
                0x0000000000108260       0xfc C:/devkitPro/libctru/lib\libctru.a(mem_pool.o)
                0x0000000000108260                MemPool::Deallocate(MemChunk const&)
 .text.__sync_init
                0x000000000010835c        0xc C:/devkitPro/libctru/lib\libctru.a(synchronization.o)
                0x000000000010835c                __sync_init
 .text.__sync_fini
                0x0000000000108368       0x18 C:/devkitPro/libctru/lib\libctru.a(synchronization.o)
                0x0000000000108368                __sync_fini
 .text.syncArbitrateAddress
                0x0000000000108380       0x2c C:/devkitPro/libctru/lib\libctru.a(synchronization.o)
                0x0000000000108380                syncArbitrateAddress
 .text.LightLock_Init
                0x00000000001083ac       0x1c C:/devkitPro/libctru/lib\libctru.a(synchronization.o)
                0x00000000001083ac                LightLock_Init
 .text.LightLock_Lock
                0x00000000001083c8       0x94 C:/devkitPro/libctru/lib\libctru.a(synchronization.o)
                0x00000000001083c8                LightLock_Lock
 .text.LightLock_TryLock
                0x000000000010845c       0x44 C:/devkitPro/libctru/lib\libctru.a(synchronization.o)
                0x000000000010845c                LightLock_TryLock
 .text.LightLock_Unlock
                0x00000000001084a0       0x40 C:/devkitPro/libctru/lib\libctru.a(synchronization.o)
                0x00000000001084a0                LightLock_Unlock
 .text.RecursiveLock_Init
                0x00000000001084e0       0x24 C:/devkitPro/libctru/lib\libctru.a(synchronization.o)
                0x00000000001084e0                RecursiveLock_Init
 .text.RecursiveLock_Lock
                0x0000000000108504       0x30 C:/devkitPro/libctru/lib\libctru.a(synchronization.o)
                0x0000000000108504                RecursiveLock_Lock
 .text.RecursiveLock_TryLock
                0x0000000000108534       0x78 C:/devkitPro/libctru/lib\libctru.a(synchronization.o)
                0x0000000000108534                RecursiveLock_TryLock
 .text.RecursiveLock_Unlock
                0x00000000001085ac       0x54 C:/devkitPro/libctru/lib\libctru.a(synchronization.o)
                0x00000000001085ac                RecursiveLock_Unlock
 .text.LightEvent_Init
                0x0000000000108600       0x40 C:/devkitPro/libctru/lib\libctru.a(synchronization.o)
                0x0000000000108600                LightEvent_Init
 .text.LightEvent_Clear
                0x0000000000108640       0xa4 C:/devkitPro/libctru/lib\libctru.a(synchronization.o)
                0x0000000000108640                LightEvent_Clear
 .text.LightEvent_Signal
                0x00000000001086e4       0xc8 C:/devkitPro/libctru/lib\libctru.a(synchronization.o)
                0x00000000001086e4                LightEvent_Signal
 .text.LightEvent_TryWait
                0x00000000001087ac       0x58 C:/devkitPro/libctru/lib\libctru.a(synchronization.o)
                0x00000000001087ac                LightEvent_TryWait
 .text.LightEvent_Wait
                0x0000000000108804       0xb0 C:/devkitPro/libctru/lib\libctru.a(synchronization.o)
                0x0000000000108804                LightEvent_Wait
 .text.envGetHandle
                0x00000000001088b4       0x84 C:/devkitPro/libctru/lib\libctru.a(env.o)
                0x00000000001088b4                envGetHandle
 .text.envDestroyHandles
                0x0000000000108938       0x50 C:/devkitPro/libctru/lib\libctru.a(env.o)
                0x0000000000108938                envDestroyHandles
 .text.osGetTimeRef
                0x0000000000108988       0x54 C:/devkitPro/libctru/lib\libctru.a(os.o)
                0x0000000000108988                osGetTimeRef
 .text.osGetTime
                0x00000000001089dc       0xe4 C:/devkitPro/libctru/lib\libctru.a(os.o)
                0x00000000001089dc                osGetTime
 .text.__libctru_gtod
                0x0000000000108ac0       0x74 C:/devkitPro/libctru/lib\libctru.a(os.o)
                0x0000000000108ac0                __libctru_gtod
 .text.__ctru_speedup_config
                0x0000000000108b34       0x34 C:/devkitPro/libctru/lib\libctru.a(os.o)
                0x0000000000108b34                __ctru_speedup_config
 .text.srvInit  0x0000000000108b68      0x124 C:/devkitPro/libctru/lib\libctru.a(srv.o)
                0x0000000000108b68                srvInit
 .text.srvExit  0x0000000000108c8c       0x58 C:/devkitPro/libctru/lib\libctru.a(srv.o)
                0x0000000000108c8c                srvExit
 .text.srvGetServiceHandleDirect
                0x0000000000108ce4       0x80 C:/devkitPro/libctru/lib\libctru.a(srv.o)
                0x0000000000108ce4                srvGetServiceHandleDirect
 .text.srvGetServiceHandle
                0x0000000000108d64       0x48 C:/devkitPro/libctru/lib\libctru.a(srv.o)
                0x0000000000108d64                srvGetServiceHandle
 .text.srvPublishToSubscriber
                0x0000000000108dac       0x38 C:/devkitPro/libctru/lib\libctru.a(srv.o)
                0x0000000000108dac                srvPublishToSubscriber
 .text.threadCreate
                0x0000000000108de4      0x188 C:/devkitPro/libctru/lib\libctru.a(thread.o)
                0x0000000000108de4                threadCreate
 .text.threadFree
                0x0000000000108f6c       0x2c C:/devkitPro/libctru/lib\libctru.a(thread.o)
                0x0000000000108f6c                threadFree
 .text.threadJoin
                0x0000000000108f98       0x24 C:/devkitPro/libctru/lib\libctru.a(thread.o)
                0x0000000000108f98                threadJoin
 .text.threadGetCurrent
                0x0000000000108fbc       0x30 C:/devkitPro/libctru/lib\libctru.a(thread.o)
                0x0000000000108fbc                threadGetCurrent
 .text.threadExit
                0x0000000000108fec       0x40 C:/devkitPro/libctru/lib\libctru.a(thread.o)
                0x0000000000108fec                threadExit
 .text._thread_begin
                0x000000000010902c       0x44 C:/devkitPro/libctru/lib\libctru.a(thread.o)
 .text.mappableFindAddressWithin
                0x0000000000109070       0x94 C:/devkitPro/libctru/lib\libctru.a(mappable.o)
 .text.mappableInit
                0x0000000000109104       0x28 C:/devkitPro/libctru/lib\libctru.a(mappable.o)
                0x0000000000109104                mappableInit
 .text.mappableAlloc
                0x000000000010912c       0x80 C:/devkitPro/libctru/lib\libctru.a(mappable.o)
                0x000000000010912c                mappableAlloc
 .text.mappableFree
                0x00000000001091ac        0x4 C:/devkitPro/libctru/lib\libctru.a(mappable.o)
                0x00000000001091ac                mappableFree
 .text.irrstInit
                0x00000000001091b0      0x160 C:/devkitPro/libctru/lib\libctru.a(irrst.o)
                0x00000000001091b0                irrstInit
 .text.irrstExit
                0x0000000000109310       0xcc C:/devkitPro/libctru/lib\libctru.a(irrst.o)
                0x0000000000109310                irrstExit
 .text.irrstScanInput
                0x00000000001093dc       0xb0 C:/devkitPro/libctru/lib\libctru.a(irrst.o)
                0x00000000001093dc                irrstScanInput
 .text.irrstKeysHeld
                0x000000000010948c       0x24 C:/devkitPro/libctru/lib\libctru.a(irrst.o)
                0x000000000010948c                irrstKeysHeld
 .text.srvPmGetSessionHandle
                0x00000000001094b0        0xc C:/devkitPro/libctru/lib\libctru.a(srvpm.o)
                0x00000000001094b0                srvPmGetSessionHandle
 .text.ptmSysmInit
                0x00000000001094bc       0x74 C:/devkitPro/libctru/lib\libctru.a(ptmsysm.o)
                0x00000000001094bc                ptmSysmInit
 .text.ptmSysmExit
                0x0000000000109530       0x3c C:/devkitPro/libctru/lib\libctru.a(ptmsysm.o)
                0x0000000000109530                ptmSysmExit
 .text.PTMSYSM_ConfigureNew3DSCPU
                0x000000000010956c       0x34 C:/devkitPro/libctru/lib\libctru.a(ptmsysm.o)
                0x000000000010956c                PTMSYSM_ConfigureNew3DSCPU
 .text.rbtree_init
                0x00000000001095a0       0x10 C:/devkitPro/libctru/lib\libctru.a(rbtree_init.o)
                0x00000000001095a0                rbtree_init
 .text.do_insert
                0x00000000001095b0      0x1a0 C:/devkitPro/libctru/lib\libctru.a(rbtree_insert.o)
 .text.rbtree_insert
                0x0000000000109750        0x8 C:/devkitPro/libctru/lib\libctru.a(rbtree_insert.o)
                0x0000000000109750                rbtree_insert
 .text.rbtree_rotate
                0x0000000000109758       0x90 C:/devkitPro/libctru/lib\libctru.a(rbtree_rotate.o)
                0x0000000000109758                rbtree_rotate
 .text.rbtree_remove
                0x00000000001097e8      0x338 C:/devkitPro/libctru/lib\libctru.a(rbtree_remove.o)
                0x00000000001097e8                rbtree_remove
 .text.rbtree_find
                0x0000000000109b20       0x74 C:/devkitPro/libctru/lib\libctru.a(rbtree_find.o)
                0x0000000000109b20                rbtree_find
 .text.encode_utf16
                0x0000000000109b94       0x60 C:/devkitPro/libctru/lib\libctru.a(encode_utf16.o)
                0x0000000000109b94                encode_utf16
 .text.decode_utf8
                0x0000000000109bf4      0x13c C:/devkitPro/libctru/lib\libctru.a(decode_utf8.o)
                0x0000000000109bf4                decode_utf8
 .text.__appInit
                0x0000000000109d30       0x30 C:/devkitPro/libctru/lib\libctru.a(appInit.o)
                0x0000000000109d30                __appInit
 .text.__libctru_nanosleep
                0x0000000000109d60       0x30 C:/devkitPro/libctru/lib\libctru.a(syscalls.o)
 .text.__libctru_get_reent
                0x0000000000109d90       0x30 C:/devkitPro/libctru/lib\libctru.a(syscalls.o)
 .text.__system_initSyscalls
                0x0000000000109dc0       0xf8 C:/devkitPro/libctru/lib\libctru.a(syscalls.o)
                0x0000000000109dc0                __system_initSyscalls
 .text.__system_allocateHeaps
                0x0000000000109eb8      0x1e0 C:/devkitPro/libctru/lib\libctru.a(allocateHeaps.o)
                0x0000000000109eb8                __system_allocateHeaps
 .text.__appExit
                0x000000000010a098       0x30 C:/devkitPro/libctru/lib\libctru.a(appExit.o)
                0x000000000010a098                __appExit
 .text.__libctru_exit
                0x000000000010a0c8       0x90 C:/devkitPro/libctru/lib\libctru.a(ctru_exit.o)
                0x000000000010a0c8                __libctru_exit
 .text.archive_link
                0x000000000010a158       0x14 C:/devkitPro/libctru/lib\libctru.a(archive_dev.o)
 .text.archive_dirreset
                0x000000000010a16c       0x14 C:/devkitPro/libctru/lib\libctru.a(archive_dev.o)
 .text.archive_chmod
                0x000000000010a180       0x14 C:/devkitPro/libctru/lib\libctru.a(archive_dev.o)
 .text.error_cmp
                0x000000000010a194       0x24 C:/devkitPro/libctru/lib\libctru.a(archive_dev.o)
 .text.archive_translate_error
                0x000000000010a1b8       0x50 C:/devkitPro/libctru/lib\libctru.a(archive_dev.o)
 .text.archive_seek
                0x000000000010a208       0xd4 C:/devkitPro/libctru/lib\libctru.a(archive_dev.o)
 .text._archiveInit.part.0
                0x000000000010a2dc       0x7c C:/devkitPro/libctru/lib\libctru.a(archive_dev.o)
 .text.archiveFindDevice.part.0
                0x000000000010a358       0x8c C:/devkitPro/libctru/lib\libctru.a(archive_dev.o)
 .text.archive_utf16path
                0x000000000010a3e4      0x294 C:/devkitPro/libctru/lib\libctru.a(archive_dev.o)
 .text._archiveUnmountDeviceStruct.part.0
                0x000000000010a678       0xa0 C:/devkitPro/libctru/lib\libctru.a(archive_dev.o)
 .text.archive_fchmod
                0x000000000010a718       0x14 C:/devkitPro/libctru/lib\libctru.a(archive_dev.o)
 .text.archive_statvfs
                0x000000000010a72c       0x14 C:/devkitPro/libctru/lib\libctru.a(archive_dev.o)
 .text._archiveMountDevice
                0x000000000010a740      0x158 C:/devkitPro/libctru/lib\libctru.a(archive_dev.o)
 .text.archive_diropen
                0x000000000010a898       0xe8 C:/devkitPro/libctru/lib\libctru.a(archive_dev.o)
 .text.archive_fstat
                0x000000000010a980       0xa4 C:/devkitPro/libctru/lib\libctru.a(archive_dev.o)
 .text.archive_close
                0x000000000010aa24       0x6c C:/devkitPro/libctru/lib\libctru.a(archive_dev.o)
 .text.archive_fsync
                0x000000000010aa90       0x6c C:/devkitPro/libctru/lib\libctru.a(archive_dev.o)
 .text.archive_dirclose
                0x000000000010aafc       0x70 C:/devkitPro/libctru/lib\libctru.a(archive_dev.o)
 .text.sdmc_statvfs
                0x000000000010ab6c       0xe8 C:/devkitPro/libctru/lib\libctru.a(archive_dev.o)
 .text.archive_ftruncate
                0x000000000010ac54       0x80 C:/devkitPro/libctru/lib\libctru.a(archive_dev.o)
 .text.archive_chdir
                0x000000000010acd4       0xfc C:/devkitPro/libctru/lib\libctru.a(archive_dev.o)
 .text.archive_read
                0x000000000010add0       0xb0 C:/devkitPro/libctru/lib\libctru.a(archive_dev.o)
 .text.archive_unlink
                0x000000000010ae80       0xac C:/devkitPro/libctru/lib\libctru.a(archive_dev.o)
 .text.archive_rmdir
                0x000000000010af2c       0xc8 C:/devkitPro/libctru/lib\libctru.a(archive_dev.o)
 .text.archive_mkdir
                0x000000000010aff4       0xec C:/devkitPro/libctru/lib\libctru.a(archive_dev.o)
 .text.archive_stat
                0x000000000010b0e0      0x1a8 C:/devkitPro/libctru/lib\libctru.a(archive_dev.o)
 .text.archive_rename
                0x000000000010b288      0x184 C:/devkitPro/libctru/lib\libctru.a(archive_dev.o)
 .text.archive_dirnext
                0x000000000010b40c      0x168 C:/devkitPro/libctru/lib\libctru.a(archive_dev.o)
 .text.archive_write
                0x000000000010b574      0x12c C:/devkitPro/libctru/lib\libctru.a(archive_dev.o)
 .text.archive_open
                0x000000000010b6a0      0x1f0 C:/devkitPro/libctru/lib\libctru.a(archive_dev.o)
 .text.archiveMountSdmc
                0x000000000010b890      0x1a4 C:/devkitPro/libctru/lib\libctru.a(archive_dev.o)
                0x000000000010b890                archiveMountSdmc
 .text.archiveUnmountAll
                0x000000000010ba34       0x54 C:/devkitPro/libctru/lib\libctru.a(archive_dev.o)
                0x000000000010ba34                archiveUnmountAll
 .text.rbtree_node_next
                0x000000000010ba88       0x50 C:/devkitPro/libctru/lib\libctru.a(rbtree_iterator.o)
                0x000000000010ba88                rbtree_node_next
 .text.utf16_to_utf8
                0x000000000010bad8       0xe8 C:/devkitPro/libctru/lib\libctru.a(utf16_to_utf8.o)
                0x000000000010bad8                utf16_to_utf8
 .text.decode_utf16
                0x000000000010bbc0       0x64 C:/devkitPro/libctru/lib\libctru.a(decode_utf16.o)
                0x000000000010bbc0                decode_utf16
 .text.__aeabi_read_tp
                0x000000000010bc24        0xc C:/devkitPro/libctru/lib\libctru.a(readtp.o)
                0x000000000010bc24                __aeabi_read_tp
 .text.encode_utf8
                0x000000000010bc30       0xfc C:/devkitPro/libctru/lib\libctru.a(encode_utf8.o)
                0x000000000010bc30                encode_utf8
 .text.__udivmoddi4
                0x000000000010bd2c      0x120 c:/devkitpro/devkitarm/bin/../lib/gcc/arm-none-eabi/11.1.0/armv6k/fpu\libgcc.a(_udivmoddi4.o)
                0x000000000010bd2c                __udivmoddi4
 .text.bsearch  0x000000000010be4c       0x78 c:/devkitpro/devkitarm/bin/../lib/gcc/arm-none-eabi/11.1.0/../../../../arm-none-eabi/lib/armv6k/fpu\libg.a(lib_a-bsearch.o)
                0x000000000010be4c                bsearch
 .text.calloc   0x000000000010bec4       0x28 c:/devkitpro/devkitarm/bin/../lib/gcc/arm-none-eabi/11.1.0/../../../../arm-none-eabi/lib/armv6k/fpu\libg.a(lib_a-calloc.o)
                0x000000000010bec4                calloc
 .text._calloc_r
                0x000000000010beec       0xbc c:/devkitpro/devkitarm/bin/../lib/gcc/arm-none-eabi/11.1.0/../../../../arm-none-eabi/lib/armv6k/fpu\libg.a(lib_a-callocr.o)
                0x000000000010beec                _calloc_r
 .text.__errno  0x000000000010bfa8        0xc c:/devkitpro/devkitarm/bin/../lib/gcc/arm-none-eabi/11.1.0/../../../../arm-none-eabi/lib/armv6k/fpu\libg.a(lib_a-errno.o)
                0x000000000010bfa8                __errno
 .text.exit     0x000000000010bfb4       0x34 c:/devkitpro/devkitarm/bin/../lib/gcc/arm-none-eabi/11.1.0/../../../../arm-none-eabi/lib/armv6k/fpu\libg.a(lib_a-exit.o)
                0x000000000010bfb4                exit
 .text.__libc_fini_array
                0x000000000010bfe8       0x3c c:/devkitpro/devkitarm/bin/../lib/gcc/arm-none-eabi/11.1.0/../../../../arm-none-eabi/lib/armv6k/fpu\libg.a(lib_a-fini.o)
                0x000000000010bfe8                __libc_fini_array
 .text.__libc_init_array
                0x000000000010c024       0x7c c:/devkitpro/devkitarm/bin/../lib/gcc/arm-none-eabi/11.1.0/../../../../arm-none-eabi/lib/armv6k/fpu\libg.a(lib_a-init.o)
                0x000000000010c024                __libc_init_array
 .text.iprintf  0x000000000010c0a0       0x34 c:/devkitpro/devkitarm/bin/../lib/gcc/arm-none-eabi/11.1.0/../../../../arm-none-eabi/lib/armv6k/fpu\libg.a(lib_a-iprintf.o)
                0x000000000010c0a0                iprintf
 .text.memalign
                0x000000000010c0d4       0x28 c:/devkitpro/devkitarm/bin/../lib/gcc/arm-none-eabi/11.1.0/../../../../arm-none-eabi/lib/armv6k/fpu\libg.a(lib_a-malign.o)
                0x000000000010c0d4                memalign
 .text._memalign_r
                0x000000000010c0fc      0x150 c:/devkitpro/devkitarm/bin/../lib/gcc/arm-none-eabi/11.1.0/../../../../arm-none-eabi/lib/armv6k/fpu\libg.a(lib_a-malignr.o)
                0x000000000010c0fc                _memalign_r
 .text.malloc   0x000000000010c24c       0x20 c:/devkitpro/devkitarm/bin/../lib/gcc/arm-none-eabi/11.1.0/../../../../arm-none-eabi/lib/armv6k/fpu\libg.a(lib_a-malloc.o)
                0x000000000010c24c                malloc
 .text.free     0x000000000010c26c       0x20 c:/devkitpro/devkitarm/bin/../lib/gcc/arm-none-eabi/11.1.0/../../../../arm-none-eabi/lib/armv6k/fpu\libg.a(lib_a-malloc.o)
                0x000000000010c26c                free
 .text._malloc_r
                0x000000000010c28c      0x7e0 c:/devkitpro/devkitarm/bin/../lib/gcc/arm-none-eabi/11.1.0/../../../../arm-none-eabi/lib/armv6k/fpu\libg.a(lib_a-mallocr.o)
                0x000000000010c28c                _malloc_r
 .text.memchr   0x000000000010ca6c       0xe0 c:/devkitpro/devkitarm/bin/../lib/gcc/arm-none-eabi/11.1.0/../../../../arm-none-eabi/lib/armv6k/fpu\libg.a(lib_a-memchr-stub.o)
                0x000000000010ca6c                memchr
 .text.memcpy   0x000000000010cb4c      0x11c c:/devkitpro/devkitarm/bin/../lib/gcc/arm-none-eabi/11.1.0/../../../../arm-none-eabi/lib/armv6k/fpu\libg.a(lib_a-memcpy-stub.o)
                0x000000000010cb4c                memcpy
 .text.memset   0x000000000010cc68      0x118 c:/devkitpro/devkitarm/bin/../lib/gcc/arm-none-eabi/11.1.0/../../../../arm-none-eabi/lib/armv6k/fpu\libg.a(lib_a-memset.o)
                0x000000000010cc68                memset
 .text.__malloc_lock
                0x000000000010cd80        0xc c:/devkitpro/devkitarm/bin/../lib/gcc/arm-none-eabi/11.1.0/../../../../arm-none-eabi/lib/armv6k/fpu\libg.a(lib_a-mlock.o)
                0x000000000010cd80                __malloc_lock
 .text.__malloc_unlock
                0x000000000010cd8c        0xc c:/devkitpro/devkitarm/bin/../lib/gcc/arm-none-eabi/11.1.0/../../../../arm-none-eabi/lib/armv6k/fpu\libg.a(lib_a-mlock.o)
                0x000000000010cd8c                __malloc_unlock
 .text.printf   0x000000000010cd98       0x34 c:/devkitpro/devkitarm/bin/../lib/gcc/arm-none-eabi/11.1.0/../../../../arm-none-eabi/lib/armv6k/fpu\libg.a(lib_a-printf.o)
                0x000000000010cd98                printf
 .text.setvbuf  0x000000000010cdcc      0x260 c:/devkitpro/devkitarm/bin/../lib/gcc/arm-none-eabi/11.1.0/../../../../arm-none-eabi/lib/armv6k/fpu\libg.a(lib_a-setvbuf.o)
                0x000000000010cdcc                setvbuf
 .text.sprintf  0x000000000010d02c       0x64 c:/devkitpro/devkitarm/bin/../lib/gcc/arm-none-eabi/11.1.0/../../../../arm-none-eabi/lib/armv6k/fpu\libg.a(lib_a-sprintf.o)
                0x000000000010d02c                sprintf
 .text.sscanf   0x000000000010d090       0x74 c:/devkitpro/devkitarm/bin/../lib/gcc/arm-none-eabi/11.1.0/../../../../arm-none-eabi/lib/armv6k/fpu\libg.a(lib_a-sscanf.o)
                0x000000000010d090                sscanf
 .text.__sread  0x000000000010d104       0x44 c:/devkitpro/devkitarm/bin/../lib/gcc/arm-none-eabi/11.1.0/../../../../arm-none-eabi/lib/armv6k/fpu\libg.a(lib_a-stdio.o)
                0x000000000010d104                __sread
 .text.__seofread
                0x000000000010d148        0x8 c:/devkitpro/devkitarm/bin/../lib/gcc/arm-none-eabi/11.1.0/../../../../arm-none-eabi/lib/armv6k/fpu\libg.a(lib_a-stdio.o)
                0x000000000010d148                __seofread
 .text.__swrite
                0x000000000010d150       0x68 c:/devkitpro/devkitarm/bin/../lib/gcc/arm-none-eabi/11.1.0/../../../../arm-none-eabi/lib/armv6k/fpu\libg.a(lib_a-stdio.o)
                0x000000000010d150                __swrite
 .text.__sseek  0x000000000010d1b8       0x48 c:/devkitpro/devkitarm/bin/../lib/gcc/arm-none-eabi/11.1.0/../../../../arm-none-eabi/lib/armv6k/fpu\libg.a(lib_a-stdio.o)
                0x000000000010d1b8                __sseek
 .text.__sclose
                0x000000000010d200        0x8 c:/devkitpro/devkitarm/bin/../lib/gcc/arm-none-eabi/11.1.0/../../../../arm-none-eabi/lib/armv6k/fpu\libg.a(lib_a-stdio.o)
                0x000000000010d200                __sclose
 .text.strcat   0x000000000010d208       0x70 c:/devkitpro/devkitarm/bin/../lib/gcc/arm-none-eabi/11.1.0/../../../../arm-none-eabi/lib/armv6k/fpu\libg.a(lib_a-strcat.o)
                0x000000000010d208                strcat
 .text.strcpy   0x000000000010d278       0xf0 c:/devkitpro/devkitarm/bin/../lib/gcc/arm-none-eabi/11.1.0/../../../../arm-none-eabi/lib/armv6k/fpu\libg.a(lib_a-strcpy.o)
                0x000000000010d278                strcpy
 .text.strlen   0x000000000010d368       0x5c c:/devkitpro/devkitarm/bin/../lib/gcc/arm-none-eabi/11.1.0/../../../../arm-none-eabi/lib/armv6k/fpu\libg.a(lib_a-strlen-stub.o)
                0x000000000010d368                strlen
 .text.strncat  0x000000000010d3c4       0xec c:/devkitpro/devkitarm/bin/../lib/gcc/arm-none-eabi/11.1.0/../../../../arm-none-eabi/lib/armv6k/fpu\libg.a(lib_a-strncat.o)
                0x000000000010d3c4                strncat
 .text.strncmp  0x000000000010d4b0       0xdc c:/devkitpro/devkitarm/bin/../lib/gcc/arm-none-eabi/11.1.0/../../../../arm-none-eabi/lib/armv6k/fpu\libg.a(lib_a-strncmp.o)
                0x000000000010d4b0                strncmp
 .text.strncpy  0x000000000010d58c       0xc0 c:/devkitpro/devkitarm/bin/../lib/gcc/arm-none-eabi/11.1.0/../../../../arm-none-eabi/lib/armv6k/fpu\libg.a(lib_a-strncpy.o)
                0x000000000010d58c                strncpy
 .text.strnlen  0x000000000010d64c       0x48 c:/devkitpro/devkitarm/bin/../lib/gcc/arm-none-eabi/11.1.0/../../../../arm-none-eabi/lib/armv6k/fpu\libg.a(lib_a-strnlen.o)
                0x000000000010d64c                strnlen
 .text.get_arg  0x000000000010d694      0x628 c:/devkitpro/devkitarm/bin/../lib/gcc/arm-none-eabi/11.1.0/../../../../arm-none-eabi/lib/armv6k/fpu\libg.a(lib_a-svfprintf.o)
 *fill*         0x000000000010dcbc        0x4 
 .text._svfprintf_r
                0x000000000010dcc0     0x35b8 c:/devkitpro/devkitarm/bin/../lib/gcc/arm-none-eabi/11.1.0/../../../../arm-none-eabi/lib/armv6k/fpu\libg.a(lib_a-svfprintf.o)
                0x000000000010dcc0                _svfprintf_r
 .text.get_arg  0x0000000000111278       0x50 c:/devkitpro/devkitarm/bin/../lib/gcc/arm-none-eabi/11.1.0/../../../../arm-none-eabi/lib/armv6k/fpu\libg.a(lib_a-svfscanf.o)
 .text.__ssvfscanf_r
                0x00000000001112c8     0x2bbc c:/devkitpro/devkitarm/bin/../lib/gcc/arm-none-eabi/11.1.0/../../../../arm-none-eabi/lib/armv6k/fpu\libg.a(lib_a-svfscanf.o)
                0x00000000001112c8                __ssvfscanf_r
 .text.get_arg  0x0000000000113e84      0x628 c:/devkitpro/devkitarm/bin/../lib/gcc/arm-none-eabi/11.1.0/../../../../arm-none-eabi/lib/armv6k/fpu\libg.a(lib_a-vfiprintf.o)
 .text.__sprint_r
                0x00000000001144ac       0x30 c:/devkitpro/devkitarm/bin/../lib/gcc/arm-none-eabi/11.1.0/../../../../arm-none-eabi/lib/armv6k/fpu\libg.a(lib_a-vfiprintf.o)
                0x00000000001144ac                __sprint_r
 .text._vfiprintf_r
                0x00000000001144dc     0x233c c:/devkitpro/devkitarm/bin/../lib/gcc/arm-none-eabi/11.1.0/../../../../arm-none-eabi/lib/armv6k/fpu\libg.a(lib_a-vfiprintf.o)
                0x00000000001144dc                _vfiprintf_r
 .text.__sbprintf
                0x0000000000116818       0xd4 c:/devkitpro/devkitarm/bin/../lib/gcc/arm-none-eabi/11.1.0/../../../../arm-none-eabi/lib/armv6k/fpu\libg.a(lib_a-vfiprintf.o)
 .text.get_arg  0x00000000001168ec      0x628 c:/devkitpro/devkitarm/bin/../lib/gcc/arm-none-eabi/11.1.0/../../../../arm-none-eabi/lib/armv6k/fpu\libg.a(lib_a-vfprintf.o)
 *fill*         0x0000000000116f14        0x4 
 .text._vfprintf_r
                0x0000000000116f18     0x3684 c:/devkitpro/devkitarm/bin/../lib/gcc/arm-none-eabi/11.1.0/../../../../arm-none-eabi/lib/armv6k/fpu\libg.a(lib_a-vfprintf.o)
                0x0000000000116f18                _vfprintf_r
 .text.__sbprintf
                0x000000000011a59c       0xd4 c:/devkitpro/devkitarm/bin/../lib/gcc/arm-none-eabi/11.1.0/../../../../arm-none-eabi/lib/armv6k/fpu\libg.a(lib_a-vfprintf.o)
 .text._wcrtomb_r
                0x000000000011a670       0x54 c:/devkitpro/devkitarm/bin/../lib/gcc/arm-none-eabi/11.1.0/../../../../arm-none-eabi/lib/armv6k/fpu\libg.a(lib_a-wcrtomb.o)
                0x000000000011a670                _wcrtomb_r
 .text._wcsrtombs_r
                0x000000000011a6c4       0x28 c:/devkitpro/devkitarm/bin/../lib/gcc/arm-none-eabi/11.1.0/../../../../arm-none-eabi/lib/armv6k/fpu\libg.a(lib_a-wcsrtombs.o)
                0x000000000011a6c4                _wcsrtombs_r
 .text.__swsetup_r
                0x000000000011a6ec      0x154 c:/devkitpro/devkitarm/bin/../lib/gcc/arm-none-eabi/11.1.0/../../../../arm-none-eabi/lib/armv6k/fpu\libg.a(lib_a-wsetup.o)
                0x000000000011a6ec                __swsetup_r
 .text.__call_exitprocs
                0x000000000011a840      0x114 c:/devkitpro/devkitarm/bin/../lib/gcc/arm-none-eabi/11.1.0/../../../../arm-none-eabi/lib/armv6k/fpu\libg.a(lib_a-__call_atexit.o)
                0x000000000011a840                __call_exitprocs
 .text.quorem   0x000000000011a954      0x1ac c:/devkitpro/devkitarm/bin/../lib/gcc/arm-none-eabi/11.1.0/../../../../arm-none-eabi/lib/armv6k/fpu\libg.a(lib_a-dtoa.o)
 .text._dtoa_r  0x000000000011ab00     0x12cc c:/devkitpro/devkitarm/bin/../lib/gcc/arm-none-eabi/11.1.0/../../../../arm-none-eabi/lib/armv6k/fpu\libg.a(lib_a-dtoa.o)
                0x000000000011ab00                _dtoa_r
 .text.__sflush_r
                0x000000000011bdcc      0x258 c:/devkitpro/devkitarm/bin/../lib/gcc/arm-none-eabi/11.1.0/../../../../arm-none-eabi/lib/armv6k/fpu\libg.a(lib_a-fflush.o)
                0x000000000011bdcc                __sflush_r
 .text._fflush_r
                0x000000000011c024       0x94 c:/devkitpro/devkitarm/bin/../lib/gcc/arm-none-eabi/11.1.0/../../../../arm-none-eabi/lib/armv6k/fpu\libg.a(lib_a-fflush.o)
                0x000000000011c024                _fflush_r
 .text._cleanup_r
                0x000000000011c0b8        0xc c:/devkitpro/devkitarm/bin/../lib/gcc/arm-none-eabi/11.1.0/../../../../arm-none-eabi/lib/armv6k/fpu\libg.a(lib_a-findfp.o)
                0x000000000011c0b8                _cleanup_r
 .text.__sinit  0x000000000011c0c4      0x184 c:/devkitpro/devkitarm/bin/../lib/gcc/arm-none-eabi/11.1.0/../../../../arm-none-eabi/lib/armv6k/fpu\libg.a(lib_a-findfp.o)
                0x000000000011c0c4                __sinit
 .text.__sfp_lock_acquire
                0x000000000011c248        0xc c:/devkitpro/devkitarm/bin/../lib/gcc/arm-none-eabi/11.1.0/../../../../arm-none-eabi/lib/armv6k/fpu\libg.a(lib_a-findfp.o)
                0x000000000011c248                __sfp_lock_acquire
 .text.__sfp_lock_release
                0x000000000011c254        0xc c:/devkitpro/devkitarm/bin/../lib/gcc/arm-none-eabi/11.1.0/../../../../arm-none-eabi/lib/armv6k/fpu\libg.a(lib_a-findfp.o)
                0x000000000011c254                __sfp_lock_release
 .text._malloc_trim_r
                0x000000000011c260       0xf8 c:/devkitpro/devkitarm/bin/../lib/gcc/arm-none-eabi/11.1.0/../../../../arm-none-eabi/lib/armv6k/fpu\libg.a(lib_a-freer.o)
                0x000000000011c260                _malloc_trim_r
 .text._free_r  0x000000000011c358      0x2e4 c:/devkitpro/devkitarm/bin/../lib/gcc/arm-none-eabi/11.1.0/../../../../arm-none-eabi/lib/armv6k/fpu\libg.a(lib_a-freer.o)
                0x000000000011c358                _free_r
 .text.__sfvwrite_r
                0x000000000011c63c      0x4c0 c:/devkitpro/devkitarm/bin/../lib/gcc/arm-none-eabi/11.1.0/../../../../arm-none-eabi/lib/armv6k/fpu\libg.a(lib_a-fvwrite.o)
                0x000000000011c63c                __sfvwrite_r
 .text._fwalk_reent
                0x000000000011cafc       0x70 c:/devkitpro/devkitarm/bin/../lib/gcc/arm-none-eabi/11.1.0/../../../../arm-none-eabi/lib/armv6k/fpu\libg.a(lib_a-fwalk.o)
                0x000000000011cafc                _fwalk_reent
 .text.iswspace
                0x000000000011cb6c        0x8 c:/devkitpro/devkitarm/bin/../lib/gcc/arm-none-eabi/11.1.0/../../../../arm-none-eabi/lib/armv6k/fpu\libg.a(lib_a-iswspace.o)
                0x000000000011cb6c                iswspace
 .text._localeconv_r
                0x000000000011cb74        0xc c:/devkitpro/devkitarm/bin/../lib/gcc/arm-none-eabi/11.1.0/../../../../arm-none-eabi/lib/armv6k/fpu\libg.a(lib_a-localeconv.o)
                0x000000000011cb74                _localeconv_r
 .text.__locale_mb_cur_max
                0x000000000011cb80       0x10 c:/devkitpro/devkitarm/bin/../lib/gcc/arm-none-eabi/11.1.0/../../../../arm-none-eabi/lib/armv6k/fpu\libg.a(lib_a-locale.o)
                0x000000000011cb80                __locale_mb_cur_max
 .text.__smakebuf_r
                0x000000000011cb90      0x138 c:/devkitpro/devkitarm/bin/../lib/gcc/arm-none-eabi/11.1.0/../../../../arm-none-eabi/lib/armv6k/fpu\libg.a(lib_a-makebuf.o)
                0x000000000011cb90                __smakebuf_r
 .text.__swhatbuf_r
                0x000000000011ccc8       0x8c c:/devkitpro/devkitarm/bin/../lib/gcc/arm-none-eabi/11.1.0/../../../../arm-none-eabi/lib/armv6k/fpu\libg.a(lib_a-makebuf.o)
                0x000000000011ccc8                __swhatbuf_r
 .text._mbrtowc_r
                0x000000000011cd54       0x68 c:/devkitpro/devkitarm/bin/../lib/gcc/arm-none-eabi/11.1.0/../../../../arm-none-eabi/lib/armv6k/fpu\libg.a(lib_a-mbrtowc.o)
                0x000000000011cd54                _mbrtowc_r
 .text.__utf8_mbtowc
                0x000000000011cdbc      0x2e4 c:/devkitpro/devkitarm/bin/../lib/gcc/arm-none-eabi/11.1.0/../../../../arm-none-eabi/lib/armv6k/fpu\libg.a(lib_a-mbtowc_r.o)
                0x000000000011cdbc                __utf8_mbtowc
 .text.memmove  0x000000000011d0a0      0x154 c:/devkitpro/devkitarm/bin/../lib/gcc/arm-none-eabi/11.1.0/../../../../arm-none-eabi/lib/armv6k/fpu\libg.a(lib_a-memmove.o)
                0x000000000011d0a0                memmove
 .text._Balloc  0x000000000011d1f4       0x88 c:/devkitpro/devkitarm/bin/../lib/gcc/arm-none-eabi/11.1.0/../../../../arm-none-eabi/lib/armv6k/fpu\libg.a(lib_a-mprec.o)
                0x000000000011d1f4                _Balloc
 .text._Bfree   0x000000000011d27c       0x1c c:/devkitpro/devkitarm/bin/../lib/gcc/arm-none-eabi/11.1.0/../../../../arm-none-eabi/lib/armv6k/fpu\libg.a(lib_a-mprec.o)
                0x000000000011d27c                _Bfree
 .text.__multadd
                0x000000000011d298       0xf4 c:/devkitpro/devkitarm/bin/../lib/gcc/arm-none-eabi/11.1.0/../../../../arm-none-eabi/lib/armv6k/fpu\libg.a(lib_a-mprec.o)
                0x000000000011d298                __multadd
 .text.__s2b    0x000000000011d38c      0x110 c:/devkitpro/devkitarm/bin/../lib/gcc/arm-none-eabi/11.1.0/../../../../arm-none-eabi/lib/armv6k/fpu\libg.a(lib_a-mprec.o)
                0x000000000011d38c                __s2b
 .text.__hi0bits
                0x000000000011d49c       0x58 c:/devkitpro/devkitarm/bin/../lib/gcc/arm-none-eabi/11.1.0/../../../../arm-none-eabi/lib/armv6k/fpu\libg.a(lib_a-mprec.o)
                0x000000000011d49c                __hi0bits
 .text.__lo0bits
                0x000000000011d4f4       0x94 c:/devkitpro/devkitarm/bin/../lib/gcc/arm-none-eabi/11.1.0/../../../../arm-none-eabi/lib/armv6k/fpu\libg.a(lib_a-mprec.o)
                0x000000000011d4f4                __lo0bits
 .text.__i2b    0x000000000011d588       0xa4 c:/devkitpro/devkitarm/bin/../lib/gcc/arm-none-eabi/11.1.0/../../../../arm-none-eabi/lib/armv6k/fpu\libg.a(lib_a-mprec.o)
                0x000000000011d588                __i2b
 .text.__multiply
                0x000000000011d62c      0x204 c:/devkitpro/devkitarm/bin/../lib/gcc/arm-none-eabi/11.1.0/../../../../arm-none-eabi/lib/armv6k/fpu\libg.a(lib_a-mprec.o)
                0x000000000011d62c                __multiply
 .text.__pow5mult
                0x000000000011d830      0x120 c:/devkitpro/devkitarm/bin/../lib/gcc/arm-none-eabi/11.1.0/../../../../arm-none-eabi/lib/armv6k/fpu\libg.a(lib_a-mprec.o)
                0x000000000011d830                __pow5mult
 .text.__lshift
                0x000000000011d950      0x13c c:/devkitpro/devkitarm/bin/../lib/gcc/arm-none-eabi/11.1.0/../../../../arm-none-eabi/lib/armv6k/fpu\libg.a(lib_a-mprec.o)
                0x000000000011d950                __lshift
 .text.__mcmp   0x000000000011da8c       0x58 c:/devkitpro/devkitarm/bin/../lib/gcc/arm-none-eabi/11.1.0/../../../../arm-none-eabi/lib/armv6k/fpu\libg.a(lib_a-mprec.o)
                0x000000000011da8c                __mcmp
 .text.__mdiff  0x000000000011dae4      0x1cc c:/devkitpro/devkitarm/bin/../lib/gcc/arm-none-eabi/11.1.0/../../../../arm-none-eabi/lib/armv6k/fpu\libg.a(lib_a-mprec.o)
                0x000000000011dae4                __mdiff
 .text.__ulp    0x000000000011dcb0       0x74 c:/devkitpro/devkitarm/bin/../lib/gcc/arm-none-eabi/11.1.0/../../../../arm-none-eabi/lib/armv6k/fpu\libg.a(lib_a-mprec.o)
                0x000000000011dcb0                __ulp
 .text.__b2d    0x000000000011dd24       0xd0 c:/devkitpro/devkitarm/bin/../lib/gcc/arm-none-eabi/11.1.0/../../../../arm-none-eabi/lib/armv6k/fpu\libg.a(lib_a-mprec.o)
                0x000000000011dd24                __b2d
 .text.__d2b    0x000000000011ddf4      0x124 c:/devkitpro/devkitarm/bin/../lib/gcc/arm-none-eabi/11.1.0/../../../../arm-none-eabi/lib/armv6k/fpu\libg.a(lib_a-mprec.o)
                0x000000000011ddf4                __d2b
 .text.__ratio  0x000000000011df18       0x78 c:/devkitpro/devkitarm/bin/../lib/gcc/arm-none-eabi/11.1.0/../../../../arm-none-eabi/lib/armv6k/fpu\libg.a(lib_a-mprec.o)
                0x000000000011df18                __ratio
 .text.__copybits
                0x000000000011df90       0x88 c:/devkitpro/devkitarm/bin/../lib/gcc/arm-none-eabi/11.1.0/../../../../arm-none-eabi/lib/armv6k/fpu\libg.a(lib_a-mprec.o)
                0x000000000011df90                __copybits
 .text.__any_on
                0x000000000011e018       0x5c c:/devkitpro/devkitarm/bin/../lib/gcc/arm-none-eabi/11.1.0/../../../../arm-none-eabi/lib/armv6k/fpu\libg.a(lib_a-mprec.o)
                0x000000000011e018                __any_on
 .text.realloc  0x000000000011e074       0x28 c:/devkitpro/devkitarm/bin/../lib/gcc/arm-none-eabi/11.1.0/../../../../arm-none-eabi/lib/armv6k/fpu\libg.a(lib_a-realloc.o)
                0x000000000011e074                realloc
 .text._realloc_r
                0x000000000011e09c      0x558 c:/devkitpro/devkitarm/bin/../lib/gcc/arm-none-eabi/11.1.0/../../../../arm-none-eabi/lib/armv6k/fpu\libg.a(lib_a-reallocr.o)
                0x000000000011e09c                _realloc_r
 .text.__sccl   0x000000000011e5f4       0xe4 c:/devkitpro/devkitarm/bin/../lib/gcc/arm-none-eabi/11.1.0/../../../../arm-none-eabi/lib/armv6k/fpu\libg.a(lib_a-sccl.o)
                0x000000000011e5f4                __sccl
 .text.nanf     0x000000000011e6d8        0xc c:/devkitpro/devkitarm/bin/../lib/gcc/arm-none-eabi/11.1.0/../../../../arm-none-eabi/lib/armv6k/fpu\libg.a(lib_a-sf_nan.o)
                0x000000000011e6d8                nanf
 *fill*         0x000000000011e6e4        0x4 
 .text.frexp    0x000000000011e6e8       0xa8 c:/devkitpro/devkitarm/bin/../lib/gcc/arm-none-eabi/11.1.0/../../../../arm-none-eabi/lib/armv6k/fpu\libg.a(lib_a-s_frexp.o)
                0x000000000011e6e8                frexp
 .text.stpncpy  0x000000000011e790       0xb8 c:/devkitpro/devkitarm/bin/../lib/gcc/arm-none-eabi/11.1.0/../../../../arm-none-eabi/lib/armv6k/fpu\libg.a(lib_a-stpncpy.o)
                0x000000000011e790                stpncpy
 .text.strchr   0x000000000011e848      0x12c c:/devkitpro/devkitarm/bin/../lib/gcc/arm-none-eabi/11.1.0/../../../../arm-none-eabi/lib/armv6k/fpu\libg.a(lib_a-strchr.o)
                0x000000000011e848                strchr
 *fill*         0x000000000011e974        0x4 
 .text._strtod_l
                0x000000000011e978     0x1368 c:/devkitpro/devkitarm/bin/../lib/gcc/arm-none-eabi/11.1.0/../../../../arm-none-eabi/lib/armv6k/fpu\libg.a(lib_a-strtod.o)
                0x000000000011e978                _strtod_l
 .text._strtod_r
                0x000000000011fce0        0xc c:/devkitpro/devkitarm/bin/../lib/gcc/arm-none-eabi/11.1.0/../../../../arm-none-eabi/lib/armv6k/fpu\libg.a(lib_a-strtod.o)
                0x000000000011fce0                _strtod_r
 .text._strtoll_l.constprop.0
                0x000000000011fcec      0x22c c:/devkitpro/devkitarm/bin/../lib/gcc/arm-none-eabi/11.1.0/../../../../arm-none-eabi/lib/armv6k/fpu\libg.a(lib_a-strtoll.o)
 .text._strtoll_r
                0x000000000011ff18        0x4 c:/devkitpro/devkitarm/bin/../lib/gcc/arm-none-eabi/11.1.0/../../../../arm-none-eabi/lib/armv6k/fpu\libg.a(lib_a-strtoll.o)
                0x000000000011ff18                _strtoll_r
 .text._strtol_l.part.0
                0x000000000011ff1c      0x1a4 c:/devkitpro/devkitarm/bin/../lib/gcc/arm-none-eabi/11.1.0/../../../../arm-none-eabi/lib/armv6k/fpu\libg.a(lib_a-strtol.o)
 .text._strtol_r
                0x00000000001200c0       0x3c c:/devkitpro/devkitarm/bin/../lib/gcc/arm-none-eabi/11.1.0/../../../../arm-none-eabi/lib/armv6k/fpu\libg.a(lib_a-strtol.o)
                0x00000000001200c0                _strtol_r
 .text._strtoull_l.constprop.0
                0x00000000001200fc      0x244 c:/devkitpro/devkitarm/bin/../lib/gcc/arm-none-eabi/11.1.0/../../../../arm-none-eabi/lib/armv6k/fpu\libg.a(lib_a-strtoull.o)
 .text._strtoull_r
                0x0000000000120340        0x4 c:/devkitpro/devkitarm/bin/../lib/gcc/arm-none-eabi/11.1.0/../../../../arm-none-eabi/lib/armv6k/fpu\libg.a(lib_a-strtoull.o)
                0x0000000000120340                _strtoull_r
 .text._strtoul_l.constprop.0
                0x0000000000120344      0x1c4 c:/devkitpro/devkitarm/bin/../lib/gcc/arm-none-eabi/11.1.0/../../../../arm-none-eabi/lib/armv6k/fpu\libg.a(lib_a-strtoul.o)
 .text._strtoul_r
                0x0000000000120508        0x4 c:/devkitpro/devkitarm/bin/../lib/gcc/arm-none-eabi/11.1.0/../../../../arm-none-eabi/lib/armv6k/fpu\libg.a(lib_a-strtoul.o)
                0x0000000000120508                _strtoul_r
 .text.__ssprint_r
                0x000000000012050c      0x190 c:/devkitpro/devkitarm/bin/../lib/gcc/arm-none-eabi/11.1.0/../../../../arm-none-eabi/lib/armv6k/fpu\libg.a(lib_a-svfiprintf.o)
                0x000000000012050c                __ssprint_r
 .text._sungetc_r
                0x000000000012069c       0xe0 c:/devkitpro/devkitarm/bin/../lib/gcc/arm-none-eabi/11.1.0/../../../../arm-none-eabi/lib/armv6k/fpu\libg.a(lib_a-svfiscanf.o)
                0x000000000012069c                _sungetc_r
 .text.__ssrefill_r
                0x000000000012077c       0x6c c:/devkitpro/devkitarm/bin/../lib/gcc/arm-none-eabi/11.1.0/../../../../arm-none-eabi/lib/armv6k/fpu\libg.a(lib_a-svfiscanf.o)
                0x000000000012077c                __ssrefill_r
 .text._sfread_r
                0x00000000001207e8       0xc8 c:/devkitpro/devkitarm/bin/../lib/gcc/arm-none-eabi/11.1.0/../../../../arm-none-eabi/lib/armv6k/fpu\libg.a(lib_a-svfiscanf.o)
                0x00000000001207e8                _sfread_r
 .text.__submore
                0x00000000001208b0       0xa8 c:/devkitpro/devkitarm/bin/../lib/gcc/arm-none-eabi/11.1.0/../../../../arm-none-eabi/lib/armv6k/fpu\libg.a(lib_a-ungetc.o)
                0x00000000001208b0                __submore
 .text._wcsnrtombs_l
                0x0000000000120958      0x190 c:/devkitpro/devkitarm/bin/../lib/gcc/arm-none-eabi/11.1.0/../../../../arm-none-eabi/lib/armv6k/fpu\libg.a(lib_a-wcsnrtombs.o)
                0x0000000000120958                _wcsnrtombs_l
 .text._wcsnrtombs_r
                0x0000000000120ae8       0x4c c:/devkitpro/devkitarm/bin/../lib/gcc/arm-none-eabi/11.1.0/../../../../arm-none-eabi/lib/armv6k/fpu\libg.a(lib_a-wcsnrtombs.o)
                0x0000000000120ae8                _wcsnrtombs_r
 .text.__utf8_wctomb
                0x0000000000120b34       0xf0 c:/devkitpro/devkitarm/bin/../lib/gcc/arm-none-eabi/11.1.0/../../../../arm-none-eabi/lib/armv6k/fpu\libg.a(lib_a-wctomb_r.o)
                0x0000000000120b34                __utf8_wctomb
 .text.__assert_func
                0x0000000000120c24       0x54 c:/devkitpro/devkitarm/bin/../lib/gcc/arm-none-eabi/11.1.0/../../../../arm-none-eabi/lib/armv6k/fpu\libg.a(lib_a-assert.o)
                0x0000000000120c24                __assert_func
 .text._fclose_r
                0x0000000000120c78      0x160 c:/devkitpro/devkitarm/bin/../lib/gcc/arm-none-eabi/11.1.0/../../../../arm-none-eabi/lib/armv6k/fpu\libg.a(lib_a-fclose.o)
                0x0000000000120c78                _fclose_r
 .text.fiprintf
                0x0000000000120dd8       0x3c c:/devkitpro/devkitarm/bin/../lib/gcc/arm-none-eabi/11.1.0/../../../../arm-none-eabi/lib/armv6k/fpu\libg.a(lib_a-fiprintf.o)
                0x0000000000120dd8                fiprintf
 .text.rshift   0x0000000000120e14       0xec c:/devkitpro/devkitarm/bin/../lib/gcc/arm-none-eabi/11.1.0/../../../../arm-none-eabi/lib/armv6k/fpu\libg.a(lib_a-gdtoa-gethex.o)
 .text.__gethex
                0x0000000000120f00      0x904 c:/devkitpro/devkitarm/bin/../lib/gcc/arm-none-eabi/11.1.0/../../../../arm-none-eabi/lib/armv6k/fpu\libg.a(lib_a-gdtoa-gethex.o)
                0x0000000000120f00                __gethex
 .text.__match  0x0000000000121804       0x4c c:/devkitpro/devkitarm/bin/../lib/gcc/arm-none-eabi/11.1.0/../../../../arm-none-eabi/lib/armv6k/fpu\libg.a(lib_a-gdtoa-hexnan.o)
                0x0000000000121804                __match
 .text.__hexnan
                0x0000000000121850      0x29c c:/devkitpro/devkitarm/bin/../lib/gcc/arm-none-eabi/11.1.0/../../../../arm-none-eabi/lib/armv6k/fpu\libg.a(lib_a-gdtoa-hexnan.o)
                0x0000000000121850                __hexnan
 .text.iswspace_l
                0x0000000000121aec       0x3c c:/devkitpro/devkitarm/bin/../lib/gcc/arm-none-eabi/11.1.0/../../../../arm-none-eabi/lib/armv6k/fpu\libg.a(lib_a-iswspace_l.o)
                0x0000000000121aec                iswspace_l
 .text.__jp2uc  0x0000000000121b28      0x1d4 c:/devkitpro/devkitarm/bin/../lib/gcc/arm-none-eabi/11.1.0/../../../../arm-none-eabi/lib/armv6k/fpu\libg.a(lib_a-jp2uc.o)
 .text._jp2uc_l
                0x0000000000121cfc       0x9c c:/devkitpro/devkitarm/bin/../lib/gcc/arm-none-eabi/11.1.0/../../../../arm-none-eabi/lib/armv6k/fpu\libg.a(lib_a-jp2uc.o)
                0x0000000000121cfc                _jp2uc_l
 .text.nan      0x0000000000121d98       0x10 c:/devkitpro/devkitarm/bin/../lib/gcc/arm-none-eabi/11.1.0/../../../../arm-none-eabi/lib/armv6k/fpu\libg.a(lib_a-s_nan.o)
                0x0000000000121d98                nan
 .text.abort    0x0000000000121da8       0x14 c:/devkitpro/devkitarm/bin/../lib/gcc/arm-none-eabi/11.1.0/../../../../arm-none-eabi/lib/armv6k/fpu\libg.a(lib_a-abort.o)
                0x0000000000121da8                abort
 .text.category
                0x0000000000121dbc       0x84 c:/devkitpro/devkitarm/bin/../lib/gcc/arm-none-eabi/11.1.0/../../../../arm-none-eabi/lib/armv6k/fpu\libg.a(lib_a-categories.o)
                0x0000000000121dbc                category
 .text._raise_r
                0x0000000000121e40       0x98 c:/devkitpro/devkitarm/bin/../lib/gcc/arm-none-eabi/11.1.0/../../../../arm-none-eabi/lib/armv6k/fpu\libg.a(lib_a-signal.o)
                0x0000000000121e40                _raise_r
 .text.raise    0x0000000000121ed8       0x20 c:/devkitpro/devkitarm/bin/../lib/gcc/arm-none-eabi/11.1.0/../../../../arm-none-eabi/lib/armv6k/fpu\libg.a(lib_a-signal.o)
                0x0000000000121ed8                raise
 .text.null_write
                0x0000000000121ef8        0x8 c:/devkitpro/devkitarm/bin/../lib/gcc/arm-none-eabi/11.1.0/../../../../arm-none-eabi/lib/armv6k/fpu\libsysbase.a(iosupport.o)
 .text.setDefaultDevice
                0x0000000000121f00       0x18 c:/devkitpro/devkitarm/bin/../lib/gcc/arm-none-eabi/11.1.0/../../../../arm-none-eabi/lib/armv6k/fpu\libsysbase.a(iosupport.o)
                0x0000000000121f00                setDefaultDevice
 .text.FindDevice
                0x0000000000121f18       0xc8 c:/devkitpro/devkitarm/bin/../lib/gcc/arm-none-eabi/11.1.0/../../../../arm-none-eabi/lib/armv6k/fpu\libsysbase.a(iosupport.o)
                0x0000000000121f18                FindDevice
 .text.RemoveDevice
                0x0000000000121fe0       0x28 c:/devkitpro/devkitarm/bin/../lib/gcc/arm-none-eabi/11.1.0/../../../../arm-none-eabi/lib/armv6k/fpu\libsysbase.a(iosupport.o)
                0x0000000000121fe0                RemoveDevice
 .text.AddDevice
                0x0000000000122008       0x9c c:/devkitpro/devkitarm/bin/../lib/gcc/arm-none-eabi/11.1.0/../../../../arm-none-eabi/lib/armv6k/fpu\libsysbase.a(iosupport.o)
                0x0000000000122008                AddDevice
 .text.GetDeviceOpTab
                0x00000000001220a4       0x20 c:/devkitpro/devkitarm/bin/../lib/gcc/arm-none-eabi/11.1.0/../../../../arm-none-eabi/lib/armv6k/fpu\libsysbase.a(iosupport.o)
                0x00000000001220a4                GetDeviceOpTab
 .text._fstat_r
                0x00000000001220c4       0x78 c:/devkitpro/devkitarm/bin/../lib/gcc/arm-none-eabi/11.1.0/../../../../arm-none-eabi/lib/armv6k/fpu\libsysbase.a(fstat.o)
                0x00000000001220c4                _fstat_r
 .text._getpid_r
                0x000000000012213c       0x14 c:/devkitpro/devkitarm/bin/../lib/gcc/arm-none-eabi/11.1.0/../../../../arm-none-eabi/lib/armv6k/fpu\libsysbase.a(getpid.o)
                0x000000000012213c                _getpid_r
 .text._isatty_r
                0x0000000000122150        0x8 c:/devkitpro/devkitarm/bin/../lib/gcc/arm-none-eabi/11.1.0/../../../../arm-none-eabi/lib/armv6k/fpu\libsysbase.a(isatty.o)
                0x0000000000122150                _isatty_r
 .text._kill_r  0x0000000000122158       0x14 c:/devkitpro/devkitarm/bin/../lib/gcc/arm-none-eabi/11.1.0/../../../../arm-none-eabi/lib/armv6k/fpu\libsysbase.a(kill.o)
                0x0000000000122158                _kill_r
 .text._lseek_r
                0x000000000012216c       0x84 c:/devkitpro/devkitarm/bin/../lib/gcc/arm-none-eabi/11.1.0/../../../../arm-none-eabi/lib/armv6k/fpu\libsysbase.a(lseek.o)
                0x000000000012216c                _lseek_r
 .text._read_r  0x00000000001221f0       0x80 c:/devkitpro/devkitarm/bin/../lib/gcc/arm-none-eabi/11.1.0/../../../../arm-none-eabi/lib/armv6k/fpu\libsysbase.a(read.o)
                0x00000000001221f0                _read_r
 .text._sbrk_r  0x0000000000122270       0x78 c:/devkitpro/devkitarm/bin/../lib/gcc/arm-none-eabi/11.1.0/../../../../arm-none-eabi/lib/armv6k/fpu\libsysbase.a(sbrk.o)
                0x0000000000122270                _sbrk_r
 .text._write_r
                0x00000000001222e8       0x80 c:/devkitpro/devkitarm/bin/../lib/gcc/arm-none-eabi/11.1.0/../../../../arm-none-eabi/lib/armv6k/fpu\libsysbase.a(write.o)
                0x00000000001222e8                _write_r
 .text._exit    0x0000000000122368       0x24 c:/devkitpro/devkitarm/bin/../lib/gcc/arm-none-eabi/11.1.0/../../../../arm-none-eabi/lib/armv6k/fpu\libsysbase.a(_exit.o)
                0x0000000000122368                _exit
 .text._concatenate_path
                0x000000000012238c      0x1b8 c:/devkitpro/devkitarm/bin/../lib/gcc/arm-none-eabi/11.1.0/../../../../arm-none-eabi/lib/armv6k/fpu\libsysbase.a(chdir.o)
                0x000000000012238c                _concatenate_path
 .text.chdir    0x0000000000122544      0x160 c:/devkitpro/devkitarm/bin/../lib/gcc/arm-none-eabi/11.1.0/../../../../arm-none-eabi/lib/armv6k/fpu\libsysbase.a(chdir.o)
                0x0000000000122544                chdir
 .text.__flockfile
                0x00000000001226a4        0x8 c:/devkitpro/devkitarm/bin/../lib/gcc/arm-none-eabi/11.1.0/../../../../arm-none-eabi/lib/armv6k/fpu\libsysbase.a(flock.o)
                0x00000000001226a4                __flockfile
 .text.__funlockfile
                0x00000000001226ac        0x8 c:/devkitpro/devkitarm/bin/../lib/gcc/arm-none-eabi/11.1.0/../../../../arm-none-eabi/lib/armv6k/fpu\libsysbase.a(flock.o)
                0x00000000001226ac                __funlockfile
 .text.__libc_lock_acquire
                0x00000000001226b4       0x18 c:/devkitpro/devkitarm/bin/../lib/gcc/arm-none-eabi/11.1.0/../../../../arm-none-eabi/lib/armv6k/fpu\libsysbase.a(syscall_support.o)
                0x00000000001226b4                __libc_lock_acquire
 .text.__libc_lock_release
                0x00000000001226cc       0x18 c:/devkitpro/devkitarm/bin/../lib/gcc/arm-none-eabi/11.1.0/../../../../arm-none-eabi/lib/armv6k/fpu\libsysbase.a(syscall_support.o)
                0x00000000001226cc                __libc_lock_release
 .text.__libc_lock_init_recursive
                0x00000000001226e4       0x18 c:/devkitpro/devkitarm/bin/../lib/gcc/arm-none-eabi/11.1.0/../../../../arm-none-eabi/lib/armv6k/fpu\libsysbase.a(syscall_support.o)
                0x00000000001226e4                __libc_lock_init_recursive
 .text.__libc_lock_acquire_recursive
                0x00000000001226fc       0x18 c:/devkitpro/devkitarm/bin/../lib/gcc/arm-none-eabi/11.1.0/../../../../arm-none-eabi/lib/armv6k/fpu\libsysbase.a(syscall_support.o)
                0x00000000001226fc                __libc_lock_acquire_recursive
 .text.__libc_lock_release_recursive
                0x0000000000122714       0x18 c:/devkitpro/devkitarm/bin/../lib/gcc/arm-none-eabi/11.1.0/../../../../arm-none-eabi/lib/armv6k/fpu\libsysbase.a(syscall_support.o)
                0x0000000000122714                __libc_lock_release_recursive
 .text.__libc_lock_close_recursive
                0x000000000012272c       0x18 c:/devkitpro/devkitarm/bin/../lib/gcc/arm-none-eabi/11.1.0/../../../../arm-none-eabi/lib/armv6k/fpu\libsysbase.a(syscall_support.o)
                0x000000000012272c                __libc_lock_close_recursive
 .text.__get_handle
                0x0000000000122744       0x3c c:/devkitpro/devkitarm/bin/../lib/gcc/arm-none-eabi/11.1.0/../../../../arm-none-eabi/lib/armv6k/fpu\libsysbase.a(handle_manager.o)
                0x0000000000122744                __get_handle
 .text._close_r
                0x0000000000122780       0xf4 c:/devkitpro/devkitarm/bin/../lib/gcc/arm-none-eabi/11.1.0/../../../../arm-none-eabi/lib/armv6k/fpu\libsysbase.a(handle_manager.o)
                0x0000000000122780                _close_r
 .text.__dirnext
                0x0000000000122874       0x68 c:/devkitpro/devkitarm/bin/../lib/gcc/arm-none-eabi/11.1.0/../../../../arm-none-eabi/lib/armv6k/fpu\libsysbase.a(dirent.o)
 .text.opendir  0x00000000001228dc       0xf4 c:/devkitpro/devkitarm/bin/../lib/gcc/arm-none-eabi/11.1.0/../../../../arm-none-eabi/lib/armv6k/fpu\libsysbase.a(dirent.o)
                0x00000000001228dc                opendir
 .text.closedir
                0x00000000001229d0       0x90 c:/devkitpro/devkitarm/bin/../lib/gcc/arm-none-eabi/11.1.0/../../../../arm-none-eabi/lib/armv6k/fpu\libsysbase.a(dirent.o)
                0x00000000001229d0                closedir
 .text.readdir  0x0000000000122a60       0xb8 c:/devkitpro/devkitarm/bin/../lib/gcc/arm-none-eabi/11.1.0/../../../../arm-none-eabi/lib/armv6k/fpu\libsysbase.a(dirent.o)
                0x0000000000122a60                readdir
 .text.__getreent
                0x0000000000122b18       0x28 c:/devkitpro/devkitarm/bin/../lib/gcc/arm-none-eabi/11.1.0/../../../../arm-none-eabi/lib/armv6k/fpu\libsysbase.a(getreent.o)
                0x0000000000122b18                __getreent
 .text.__fixdfdi
                0x0000000000122b40       0x38 c:/devkitpro/devkitarm/bin/../lib/gcc/arm-none-eabi/11.1.0/armv6k/fpu\libgcc.a(_fixdfdi.o)
                0x0000000000122b40                __fixdfdi
                0x0000000000122b40                __aeabi_d2lz
 .text.__fixunsdfdi
                0x0000000000122b78       0x40 c:/devkitpro/devkitarm/bin/../lib/gcc/arm-none-eabi/11.1.0/armv6k/fpu\libgcc.a(_fixunsdfdi.o)
                0x0000000000122b78                __fixunsdfdi
                0x0000000000122b78                __aeabi_d2ulz
 .text.strrchr  0x0000000000122bb8       0x44 c:/devkitpro/devkitarm/bin/../lib/gcc/arm-none-eabi/11.1.0/../../../../arm-none-eabi/lib/armv6k/fpu\libg.a(lib_a-strrchr.o)
                0x0000000000122bb8                strrchr
 *(.glue_7)
 .glue_7        0x0000000000122bfc        0x0 linker stubs
 *(.glue_7t)
 .glue_7t       0x0000000000122bfc        0x0 linker stubs
 *(.stub)
 *(.gnu.warning)
 *(.gnu.linkonce.t*)
                0x0000000000122bfc                . = ALIGN (0x4)
 *(.fini)
 .fini          0x0000000000122bfc        0xc c:/devkitpro/devkitarm/bin/../lib/gcc/arm-none-eabi/11.1.0/armv6k/fpu/crti.o
                0x0000000000122bfc                _fini
 .fini          0x0000000000122c08        0xc c:/devkitpro/devkitarm/bin/../lib/gcc/arm-none-eabi/11.1.0/armv6k/fpu/crtn.o
                0x0000000000122c14                . = ALIGN (0x4)

.vfp11_veneer   0x0000000000122c14        0x0
 .vfp11_veneer  0x0000000000122c14        0x0 linker stubs

.v4_bx          0x0000000000122c14        0x0
 .v4_bx         0x0000000000122c14        0x0 linker stubs

.iplt           0x0000000000122c14        0x0
 .iplt          0x0000000000122c14        0x0 c:/devkitpro/devkitarm/bin/../lib/gcc/arm-none-eabi/11.1.0/../../../../arm-none-eabi/lib/armv6k/fpu/3dsx_crt0.o
                0x0000000000123000                . = ALIGN (0x1000)

.rodata         0x0000000000123000     0x7f28
 *(.rodata)
 .rodata        0x0000000000123000        0x3 C:/devkitPro/libctru/lib\libctru.a(apt.o)
 *fill*         0x0000000000123003        0x1 
 .rodata        0x0000000000123004        0xc C:/devkitPro/libctru/lib\libctru.a(archive_dev.o)
 *(.roda)
 *(.rodata.*)
 .rodata.str1.4
                0x0000000000123010      0x1f8 actions.o
                                        0x214 (size before relaxing)
 .rodata.str1.4
                0x0000000000123208      0x245 fsam.o
                                        0x249 (size before relaxing)
 *fill*         0x000000000012344d        0x3 
 .rodata.str1.4
                0x0000000000123450       0x7a main.o
                                         0x7e (size before relaxing)
 *fill*         0x00000000001234ca        0x2 
 .rodata.str1.4
                0x00000000001234cc      0x13e util.o
                                        0x14e (size before relaxing)
 *fill*         0x000000000012360a        0x2 
 .rodata.con_write.str1.4
                0x000000000012360c       0x52 C:/devkitPro/libctru/lib\libctru.a(console.o)
 *fill*         0x000000000012365e        0x2 
 .rodata.consoleClear.str1.4
                0x0000000000123660        0x5 C:/devkitPro/libctru/lib\libctru.a(console.o)
 *fill*         0x0000000000123665        0x3 
 .rodata.str1.4
                0x0000000000123668       0x10 C:/devkitPro/libctru/lib\libctru.a(console.o)
 .rodata.colorTable
                0x0000000000123678       0x30 C:/devkitPro/libctru/lib\libctru.a(console.o)
 .rodata.dotab_stdout
                0x00000000001236a8       0x70 C:/devkitPro/libctru/lib\libctru.a(console.o)
 .rodata.gspInit.str1.4
                0x0000000000123718        0x9 C:/devkitPro/libctru/lib\libctru.a(gspgpu.o)
 *fill*         0x0000000000123721        0x3 
 .rodata.amInit.str1.4
                0x0000000000123724       0x17 C:/devkitPro/libctru/lib\libctru.a(am.o)
 *fill*         0x000000000012373b        0x1 
 .rodata.aptSendCommand.str1.4
                0x000000000012373c       0x16 C:/devkitPro/libctru/lib\libctru.a(apt.o)
 *fill*         0x0000000000123752        0x2 
 .rodata.morton_x.3
                0x0000000000123754        0x8 C:/devkitPro/libctru/lib\libctru.a(apt.o)
 .rodata.morton_y.2
                0x000000000012375c        0x8 C:/devkitPro/libctru/lib\libctru.a(apt.o)
 .rodata.s_sleepWakeEvents.4
                0x0000000000123764        0x8 C:/devkitPro/libctru/lib\libctru.a(apt.o)
 .rodata.hidInit.str1.4
                0x000000000012376c       0x15 C:/devkitPro/libctru/lib\libctru.a(hid.o)
 *fill*         0x0000000000123781        0x3 
 .rodata.fsInit.str1.4
                0x0000000000123784        0x8 C:/devkitPro/libctru/lib\libctru.a(fs.o)
 .rodata.fsMakePath.str1.4
                0x000000000012378c        0x1 C:/devkitPro/libctru/lib\libctru.a(fs.o)
 .rodata.default_font_bin
                0x000000000012378c      0x800 C:/devkitPro/libctru/lib\libctru.a(default_font.bin.o)
                0x000000000012378c                default_font_bin
                0x0000000000123f8c                default_font_bin_end
 .rodata.srvInit.str1.4
                0x0000000000123f8c        0x5 C:/devkitPro/libctru/lib\libctru.a(srv.o)
 *fill*         0x0000000000123f91        0x3 
 .rodata.irrstInit.str1.4
                0x0000000000123f94        0x7 C:/devkitPro/libctru/lib\libctru.a(irrst.o)
 *fill*         0x0000000000123f9b        0x1 
 .rodata.ptmSysmInit.str1.4
                0x0000000000123f9c        0x9 C:/devkitPro/libctru/lib\libctru.a(ptmsysm.o)
 *fill*         0x0000000000123fa5        0x3 
 .rodata.str1.4
                0x0000000000123fa8        0x8 C:/devkitPro/libctru/lib\libctru.a(archive_dev.o)
                                          0xc (size before relaxing)
 .rodata._archiveUnmountDeviceStruct.part.0.str1.4
                0x0000000000123fb0        0x2 C:/devkitPro/libctru/lib\libctru.a(archive_dev.o)
 *fill*         0x0000000000123fb2        0x2 
 .rodata._archiveMountDevice.str1.4
                0x0000000000123fb4        0x8 C:/devkitPro/libctru/lib\libctru.a(archive_dev.o)
 .rodata.archiveMountSdmc.str1.4
                0x0000000000123fbc        0x5 C:/devkitPro/libctru/lib\libctru.a(archive_dev.o)
 *fill*         0x0000000000123fc1        0x3 
 .rodata.archive_devoptab
                0x0000000000123fc4       0x70 C:/devkitPro/libctru/lib\libctru.a(archive_dev.o)
 .rodata.error_table
                0x0000000000124034       0x30 C:/devkitPro/libctru/lib\libctru.a(archive_dev.o)
 .rodata._global_impure_ptr
                0x0000000000124064        0x4 c:/devkitpro/devkitarm/bin/../lib/gcc/arm-none-eabi/11.1.0/../../../../arm-none-eabi/lib/armv6k/fpu\libg.a(lib_a-impure.o)
                0x0000000000124064                _global_impure_ptr
 .rodata._svfprintf_r.str1.1
                0x0000000000124068       0x3b c:/devkitpro/devkitarm/bin/../lib/gcc/arm-none-eabi/11.1.0/../../../../arm-none-eabi/lib/armv6k/fpu\libg.a(lib_a-svfprintf.o)
 *fill*         0x00000000001240a3        0x1 
 .rodata.blanks.1
                0x00000000001240a4       0x10 c:/devkitpro/devkitarm/bin/../lib/gcc/arm-none-eabi/11.1.0/../../../../arm-none-eabi/lib/armv6k/fpu\libg.a(lib_a-svfprintf.o)
 .rodata.zeroes.0
                0x00000000001240b4       0x10 c:/devkitpro/devkitarm/bin/../lib/gcc/arm-none-eabi/11.1.0/../../../../arm-none-eabi/lib/armv6k/fpu\libg.a(lib_a-svfprintf.o)
 .rodata.__ssvfscanf_r.str1.1
                0x00000000001240c4        0x5 c:/devkitpro/devkitarm/bin/../lib/gcc/arm-none-eabi/11.1.0/../../../../arm-none-eabi/lib/armv6k/fpu\libg.a(lib_a-svfscanf.o)
                                          0x6 (size before relaxing)
 *fill*         0x00000000001240c9        0x3 
 .rodata.basefix.0
                0x00000000001240cc       0x22 c:/devkitpro/devkitarm/bin/../lib/gcc/arm-none-eabi/11.1.0/../../../../arm-none-eabi/lib/armv6k/fpu\libg.a(lib_a-svfscanf.o)
 .rodata._vfiprintf_r.str1.1
                0x00000000001240ee       0x29 c:/devkitpro/devkitarm/bin/../lib/gcc/arm-none-eabi/11.1.0/../../../../arm-none-eabi/lib/armv6k/fpu\libg.a(lib_a-vfiprintf.o)
 *fill*         0x00000000001240ee        0x2 
 .rodata.blanks.1
                0x00000000001240f0       0x10 c:/devkitpro/devkitarm/bin/../lib/gcc/arm-none-eabi/11.1.0/../../../../arm-none-eabi/lib/armv6k/fpu\libg.a(lib_a-vfiprintf.o)
 .rodata.zeroes.0
                0x0000000000124100       0x10 c:/devkitpro/devkitarm/bin/../lib/gcc/arm-none-eabi/11.1.0/../../../../arm-none-eabi/lib/armv6k/fpu\libg.a(lib_a-vfiprintf.o)
 .rodata._vfprintf_r.str1.1
                0x0000000000124110       0x3b c:/devkitpro/devkitarm/bin/../lib/gcc/arm-none-eabi/11.1.0/../../../../arm-none-eabi/lib/armv6k/fpu\libg.a(lib_a-vfprintf.o)
 .rodata.blanks.1
                0x0000000000124110       0x10 c:/devkitpro/devkitarm/bin/../lib/gcc/arm-none-eabi/11.1.0/../../../../arm-none-eabi/lib/armv6k/fpu\libg.a(lib_a-vfprintf.o)
 .rodata.zeroes.0